Component: ARM Compiler 5.06 update 6 (build 750) Tool: armlink [4d35ed]

==============================================================================

Section Cross References

    main.o(i.Timer2A_Handler) refers to dflt_clz.o(x$fpl$dfltu) for __aeabi_ui2d
    main.o(i.Timer2A_Handler) refers to ddiv.o(x$fpl$ddiv) for __aeabi_ddiv
    main.o(i.Timer2A_Handler) refers to d2f.o(x$fpl$d2f) for __aeabi_d2f
    main.o(i.Timer2A_Handler) refers to f2d.o(x$fpl$f2d) for __aeabi_f2d
    main.o(i.Timer2A_Handler) refers to dmul.o(x$fpl$dmul) for __aeabi_dmul
    main.o(i.Timer2A_Handler) refers to dfix.o(x$fpl$dfix) for __aeabi_d2iz
    main.o(i.Timer2A_Handler) refers to main.o(.data) for flag
    main.o(i.brogetback) refers to main.o(i.Stop) for Stop
    main.o(i.brogetback) refers to main.o(i.moveBackward) for moveBackward
    main.o(i.brogetback) refers to main.o(i.servoConfig) for servoConfig
    main.o(i.brogetback) refers to main.o(i.servoLeft) for servoLeft
    main.o(i.brogetback) refers to main.o(i.delay) for delay
    main.o(i.brogetback) refers to main.o(i.configureSystickTimer) for configureSystickTimer
    main.o(i.brogetback) refers to main.o(i.Delay) for Delay
    main.o(i.brogetback) refers to main.o(i.getDistance) for getDistance
    main.o(i.brogetback) refers to main.o(i.servoRight) for servoRight
    main.o(i.brogetback) refers to main.o(i.servoNeutral) for servoNeutral
    main.o(i.brogetback) refers to main.o(i.moveLeft) for moveLeft
    main.o(i.brogetback) refers to main.o(i.moveForward) for moveForward
    main.o(i.brogetback) refers to main.o(i.moveRight) for moveRight
    main.o(i.brogetback) refers to main.o(.data) for f
    main.o(i.distanceSensorConfig) refers to main.o(i.Timer2A_Init) for Timer2A_Init
    main.o(i.distanceSensorConfig) refers to main.o(i.configureSystickTimer) for configureSystickTimer
    main.o(i.getDistance) refers to main.o(.data) for distance2
    main.o(i.main) refers to main.o(i.distanceSensorConfig) for distanceSensorConfig
    main.o(i.main) refers to main.o(i.motorDriverConfig) for motorDriverConfig
    main.o(i.main) refers to main.o(i.servoConfig) for servoConfig
    main.o(i.main) refers to main.o(i.servoNeutral) for servoNeutral
    main.o(i.main) refers to main.o(i.delay) for delay
    main.o(i.main) refers to main.o(i.getDistance) for getDistance
    main.o(i.main) refers to main.o(i.Delay) for Delay
    main.o(i.main) refers to main.o(i.brogetback) for brogetback
    main.o(i.main) refers to main.o(i.moveForward) for moveForward
    main.o(i.main) refers to main.o(.data) for strDistance
    main.o(i.motorDriverConfig) refers to main.o(i.GPIO_PortA_Init) for GPIO_PortA_Init
    main.o(i.servoConfig) refers to main.o(i.Timer1A_Init) for Timer1A_Init
    main.o(i.triggerSensor) refers to main.o(i.Delay) for Delay
    uart_echo.o(i.UARTIntHandler) refers to uart.o(i.UARTIntStatus) for UARTIntStatus
    uart_echo.o(i.UARTIntHandler) refers to uart.o(i.UARTIntClear) for UARTIntClear
    uart_echo.o(i.UARTIntHandler) refers to uart.o(i.UARTCharGetNonBlocking) for UARTCharGetNonBlocking
    uart_echo.o(i.UARTIntHandler) refers to uart.o(i.UARTCharPutNonBlocking) for UARTCharPutNonBlocking
    uart_echo.o(i.UARTIntHandler) refers to gpio.o(i.GPIOPinWrite) for GPIOPinWrite
    uart_echo.o(i.UARTIntHandler) refers to sysctl.o(i.SysCtlClockGet) for SysCtlClockGet
    uart_echo.o(i.UARTIntHandler) refers to sysctl.o(.emb_text) for SysCtlDelay
    uart_echo.o(i.UARTIntHandler) refers to uart.o(i.UARTCharsAvail) for UARTCharsAvail
    uart_echo.o(i.UARTSend) refers to uart.o(i.UARTCharPutNonBlocking) for UARTCharPutNonBlocking
    uart_echo.o(i.uart_starter) refers to sysctl.o(i.SysCtlPeripheralEnable) for SysCtlPeripheralEnable
    uart_echo.o(i.uart_starter) refers to gpio.o(i.GPIOPinTypeGPIOOutput) for GPIOPinTypeGPIOOutput
    uart_echo.o(i.uart_starter) refers to interrupt.o(i.IntMasterEnable) for IntMasterEnable
    uart_echo.o(i.uart_starter) refers to gpio.o(i.GPIOPinConfigure) for GPIOPinConfigure
    uart_echo.o(i.uart_starter) refers to gpio.o(i.GPIOPinTypeUART) for GPIOPinTypeUART
    uart_echo.o(i.uart_starter) refers to sysctl.o(i.SysCtlClockGet) for SysCtlClockGet
    uart_echo.o(i.uart_starter) refers to uart.o(i.UARTConfigSetExpClk) for UARTConfigSetExpClk
    uart_echo.o(i.uart_starter) refers to interrupt.o(i.IntEnable) for IntEnable
    uart_echo.o(i.uart_starter) refers to uart.o(i.UARTIntEnable) for UARTIntEnable
    uart.o(i.GPIO_init) refers to uart.o(i.delayMs) for delayMs
    uart.o(i.UART0_init) refers to f2d.o(x$fpl$f2d) for __aeabi_f2d
    uart.o(i.UART0_init) refers to daddsub_clz.o(x$fpl$dadd) for __aeabi_dadd
    uart.o(i.UART0_init) refers to dfix.o(x$fpl$dfix) for __aeabi_d2iz
    uart.o(i.UART0_init) refers to uart.o(i.delayMs) for delayMs
    uart.o(i.itoa) refers to uart.o(.bss) for buf
    uart.o(i.print) refers to uart.o(i.uart0_putchar) for uart0_putchar
[...]
    Removing timers.o(i.xTimerGetTimerDaemonTaskHandle), (12 bytes).
    Removing timers.o(i.xTimerIsTimerActive), (34 bytes).
    Removing timers.o(i.xTimerPendFunctionCall), (52 bytes).
    Removing timers.o(i.xTimerPendFunctionCallFromISR), (52 bytes).
    Removing timers.o(.bss), (200 bytes).
    Removing timers.o(.data), (20 bytes).
    Removing gpio.o(i.GPIOADCTriggerDisable), (14 bytes).
    Removing gpio.o(i.GPIOADCTriggerEnable), (12 bytes).
    Removing gpio.o(i.GPIODMATriggerDisable), (14 bytes).
    Removing gpio.o(i.GPIODMATriggerEnable), (12 bytes).
    Removing gpio.o(i.GPIODirModeGet), (34 bytes).
    Removing gpio.o(i.GPIODirModeSet), (40 bytes).
    Removing gpio.o(i.GPIOIntClear), (6 bytes).
    Removing gpio.o(i.GPIOIntDisable), (14 bytes).
    Removing gpio.o(i.GPIOIntEnable), (12 bytes).
    Removing gpio.o(i.GPIOIntRegister), (26 bytes).
    Removing gpio.o(i.GPIOIntRegisterPin), (30 bytes).
    Removing gpio.o(i.GPIOIntStatus), (14 bytes).
    Removing gpio.o(i.GPIOIntTypeGet), (70 bytes).
    Removing gpio.o(i.GPIOIntTypeSet), (80 bytes).
    Removing gpio.o(i.GPIOIntUnregister), (22 bytes).
    Removing gpio.o(i.GPIOIntUnregisterPin), (26 bytes).
    Removing gpio.o(i.GPIOPadConfigGet), (248 bytes).
    Removing gpio.o(i.GPIOPadConfigSet), (368 bytes).
    Removing gpio.o(i.GPIOPinConfigure), (68 bytes).
    Removing gpio.o(i.GPIOPinRead), (6 bytes).
    Removing gpio.o(i.GPIOPinTypeADC), (28 bytes).
    Removing gpio.o(i.GPIOPinTypeCAN), (28 bytes).
    Removing gpio.o(i.GPIOPinTypeComparator), (28 bytes).
    Removing gpio.o(i.GPIOPinTypeComparatorOutput), (28 bytes).
    Removing gpio.o(i.GPIOPinTypeDIVSCLK), (28 bytes).
    Removing gpio.o(i.GPIOPinTypeEPI), (28 bytes).
    Removing gpio.o(i.GPIOPinTypeEthernetLED), (28 bytes).
    Removing gpio.o(i.GPIOPinTypeEthernetMII), (28 bytes).
    Removing gpio.o(i.GPIOPinTypeGPIOInput), (28 bytes).
    Removing gpio.o(i.GPIOPinTypeGPIOOutput), (28 bytes).
    Removing gpio.o(i.GPIOPinTypeGPIOOutputOD), (28 bytes).
    Removing gpio.o(i.GPIOPinTypeHibernateRTCCLK), (28 bytes).
    Removing gpio.o(i.GPIOPinTypeI2C), (28 bytes).
    Removing gpio.o(i.GPIOPinTypeI2CSCL), (28 bytes).
    Removing gpio.o(i.GPIOPinTypeLCD), (28 bytes).
    Removing gpio.o(i.GPIOPinTypeOneWire), (28 bytes).
    Removing gpio.o(i.GPIOPinTypePWM), (28 bytes).
    Removing gpio.o(i.GPIOPinTypeQEI), (28 bytes).
    Removing gpio.o(i.GPIOPinTypeSSI), (28 bytes).
    Removing gpio.o(i.GPIOPinTypeTimer), (28 bytes).
    Removing gpio.o(i.GPIOPinTypeTrace), (28 bytes).
    Removing gpio.o(i.GPIOPinTypeUART), (28 bytes).
    Removing gpio.o(i.GPIOPinTypeUSBAnalog), (28 bytes).
    Removing gpio.o(i.GPIOPinTypeUSBDigital), (28 bytes).
    Removing gpio.o(i.GPIOPinTypeWakeHigh), (30 bytes).
    Removing gpio.o(i.GPIOPinTypeWakeLow), (30 bytes).
    Removing gpio.o(i.GPIOPinWakeStatus), (6 bytes).
    Removing gpio.o(i.GPIOPinWrite), (6 bytes).
    Removing gpio.o(i.GPIOUnlockPin), (24 bytes).
    Removing gpio.o(i._GPIOIntNumberGet), (80 bytes).
    Removing gpio.o(.constdata), (552 bytes).
    Removing interrupt.o(i.IntDisable), (100 bytes).
    Removing interrupt.o(i.IntEnable), (100 bytes).
    Removing interrupt.o(i.IntIsEnabled), (96 bytes).
    Removing interrupt.o(i.IntMasterDisable), (14 bytes).
    Removing interrupt.o(i.IntMasterEnable), (14 bytes).
    Removing interrupt.o(i.IntPendClear), (68 bytes).
    Removing interrupt.o(i.IntPendSet), (84 bytes).
    Removing interrupt.o(i.IntPriorityGet), (28 bytes).
    Removing interrupt.o(i.IntPriorityGroupingGet), (36 bytes).
    Removing interrupt.o(i.IntPriorityGroupingSet), (28 bytes).
    Removing interrupt.o(i.IntPriorityMaskGet), (4 bytes).
    Removing interrupt.o(i.IntPriorityMaskSet), (4 bytes).
    Removing interrupt.o(i.IntPrioritySet), (40 bytes).
    Removing interrupt.o(i.IntRegister), (52 bytes).
    Removing interrupt.o(i.IntTrigger), (12 bytes).
    Removing interrupt.o(i.IntUnregister), (20 bytes).
    Removing interrupt.o(i._IntDefaultHandler), (2 bytes).
    Removing interrupt.o(.constdata), (268 bytes).
    Removing interrupt.o(vtable), (620 bytes).
    Removing sysctl.o(.emb_text), (6 bytes).
    Removing sysctl.o(i.SysCtlAltClkConfig), (12 bytes).
    Removing sysctl.o(i.SysCtlClockFreqSet), (740 bytes).
    Removing sysctl.o(i.SysCtlClockGet), (340 bytes).
    Removing sysctl.o(i.SysCtlClockOutConfig), (20 bytes).
    Removing sysctl.o(i.SysCtlClockSet), (288 bytes).
    Removing sysctl.o(i.SysCtlDeepSleep), (32 bytes).
    Removing sysctl.o(i.SysCtlDeepSleepClockConfigSet), (112 bytes).
    Removing sysctl.o(i.SysCtlDeepSleepClockSet), (12 bytes).
    Removing sysctl.o(i.SysCtlDeepSleepPowerSet), (12 bytes).
    Removing sysctl.o(i.SysCtlFlashSectorSizeGet), (56 bytes).
    Removing sysctl.o(i.SysCtlFlashSizeGet), (56 bytes).
    Removing sysctl.o(i.SysCtlGPIOAHBDisable), (28 bytes).
    Removing sysctl.o(i.SysCtlGPIOAHBEnable), (24 bytes).
    Removing sysctl.o(i.SysCtlIntClear), (12 bytes).
    Removing sysctl.o(i.SysCtlIntDisable), (16 bytes).
    Removing sysctl.o(i.SysCtlIntEnable), (16 bytes).
    Removing sysctl.o(i.SysCtlIntRegister), (20 bytes).
    Removing sysctl.o(i.SysCtlIntStatus), (16 bytes).
    Removing sysctl.o(i.SysCtlIntUnregister), (18 bytes).
    Removing sysctl.o(i.SysCtlLDODeepSleepGet), (12 bytes).
    Removing sysctl.o(i.SysCtlLDODeepSleepSet), (12 bytes).
    Removing sysctl.o(i.SysCtlLDOSleepGet), (12 bytes).
    Removing sysctl.o(i.SysCtlLDOSleepSet), (12 bytes).
    Removing sysctl.o(i.SysCtlMOSCConfigSet), (12 bytes).
    Removing sysctl.o(i.SysCtlNMIClear), (16 bytes).
    Removing sysctl.o(i.SysCtlNMIStatus), (12 bytes).
    Removing sysctl.o(i.SysCtlPIOSCCalibrate), (76 bytes).
    Removing sysctl.o(i.SysCtlPWMClockGet), (24 bytes).
    Removing sysctl.o(i.SysCtlPWMClockSet), (20 bytes).
    Removing sysctl.o(i.SysCtlPeripheralClockGating), (68 bytes).
    Removing sysctl.o(i.SysCtlPeripheralDeepSleepDisable), (40 bytes).
    Removing sysctl.o(i.SysCtlPeripheralDeepSleepEnable), (40 bytes).
    Removing sysctl.o(i.SysCtlPeripheralDisable), (40 bytes).
    Removing sysctl.o(i.SysCtlPeripheralEnable), (40 bytes).
    Removing sysctl.o(i.SysCtlPeripheralPowerOff), (40 bytes).
    Removing sysctl.o(i.SysCtlPeripheralPowerOn), (40 bytes).
    Removing sysctl.o(i.SysCtlPeripheralPresent), (44 bytes).
    Removing sysctl.o(i.SysCtlPeripheralReady), (44 bytes).
    Removing sysctl.o(i.SysCtlPeripheralReset), (60 bytes).
    Removing sysctl.o(i.SysCtlPeripheralSleepDisable), (40 bytes).
    Removing sysctl.o(i.SysCtlPeripheralSleepEnable), (40 bytes).
    Removing sysctl.o(i.SysCtlReset), (16 bytes).
    Removing sysctl.o(i.SysCtlResetBehaviorGet), (12 bytes).
    Removing sysctl.o(i.SysCtlResetBehaviorSet), (12 bytes).
    Removing sysctl.o(i.SysCtlResetCauseClear), (16 bytes).
    Removing sysctl.o(i.SysCtlResetCauseGet), (12 bytes).
    Removing sysctl.o(i.SysCtlSRAMSizeGet), (16 bytes).
    Removing sysctl.o(i.SysCtlSleep), (4 bytes).
    Removing sysctl.o(i.SysCtlSleepPowerSet), (12 bytes).
    Removing sysctl.o(i.SysCtlUSBPLLDisable), (16 bytes).
    Removing sysctl.o(i.SysCtlUSBPLLEnable), (16 bytes).
    Removing sysctl.o(i.SysCtlVCOGet), (120 bytes).
    Removing sysctl.o(i.SysCtlVoltageEventClear), (16 bytes).
    Removing sysctl.o(i.SysCtlVoltageEventConfig), (12 bytes).
    Removing sysctl.o(i.SysCtlVoltageEventStatus), (12 bytes).
    Removing sysctl.o(.constdata), (596 bytes).
    Removing uart.o(i.UART9BitAddrSend), (38 bytes).
    Removing uart.o(i.UART9BitAddrSet), (10 bytes).
    Removing uart.o(i.UART9BitDisable), (14 bytes).
    Removing uart.o(i.UART9BitEnable), (14 bytes).
    Removing uart.o(i.UARTBreakCtl), (18 bytes).
    Removing uart.o(i.UARTBusy), (8 bytes).
    Removing uart.o(i.UARTCharGet), (12 bytes).
    Removing uart.o(i.UARTCharGetNonBlocking), (16 bytes).
    Removing uart.o(i.UARTCharPut), (12 bytes).
    Removing uart.o(i.UARTCharPutNonBlocking), (16 bytes).
    Removing uart.o(i.UARTCharsAvail), (10 bytes).
    Removing uart.o(i.UARTClockSourceGet), (6 bytes).
    Removing uart.o(i.UARTClockSourceSet), (6 bytes).
    Removing uart.o(i.UARTConfigGetExpClk), (46 bytes).
    Removing uart.o(i.UARTConfigSetExpClk), (110 bytes).
    Removing uart.o(i.UARTDMADisable), (10 bytes).
    Removing uart.o(i.UARTDMAEnable), (8 bytes).
    Removing uart.o(i.UARTDisable), (30 bytes).
    Removing uart.o(i.UARTDisableSIR), (10 bytes).
    Removing uart.o(i.UARTEnable), (20 bytes).
    Removing uart.o(i.UARTEnableSIR), (18 bytes).
    Removing uart.o(i.UARTFIFODisable), (10 bytes).
    Removing uart.o(i.UARTFIFOEnable), (10 bytes).
    Removing uart.o(i.UARTFIFOLevelGet), (16 bytes).
    Removing uart.o(i.UARTFIFOLevelSet), (6 bytes).
    Removing uart.o(i.UARTFlowControlGet), (8 bytes).
    Removing uart.o(i.UARTFlowControlSet), (12 bytes).
    Removing uart.o(i.UARTIntClear), (4 bytes).
    Removing uart.o(i.UARTIntDisable), (10 bytes).
    Removing uart.o(i.UARTIntEnable), (8 bytes).
    Removing uart.o(i.UARTIntRegister), (88 bytes).
    Removing uart.o(i.UARTIntStatus), (10 bytes).
    Removing uart.o(i.UARTIntUnregister), (88 bytes).
    Removing uart.o(i.UARTLoopbackEnable), (10 bytes).
    Removing uart.o(i.UARTModemControlClear), (14 bytes).
    Removing uart.o(i.UARTModemControlGet), (8 bytes).
    Removing uart.o(i.UARTModemControlSet), (12 bytes).
    Removing uart.o(i.UARTModemStatusGet), (10 bytes).
    Removing uart.o(i.UARTParityModeGet), (8 bytes).
    Removing uart.o(i.UARTParityModeSet), (12 bytes).
    Removing uart.o(i.UARTRxErrorClear), (6 bytes).
    Removing uart.o(i.UARTRxErrorGet), (8 bytes).
    Removing uart.o(i.UARTSmartCardDisable), (10 bytes).
    Removing uart.o(i.UARTSmartCardEnable), (22 bytes).
    Removing uart.o(i.UARTSpaceAvail), (10 bytes).
    Removing uart.o(i.UARTTxIntModeGet), (8 bytes).
    Removing uart.o(i.UARTTxIntModeSet), (12 bytes).
    Removing uart.o(.constdata), (128 bytes).
    Removing cpu.o(.emb_text), (38 bytes).

454 unused section(s) (total 26961 bytes) removed from the image.

==============================================================================

Image Symbol Table

    Local Symbols

    Symbol Name                              Value     Ov Type        Size  Object(Section)

    RESET                                    0x00000000   Section      620  startup_tm4c123.o(RESET)
    ../clib/angel/boardlib.s                 0x00000000   Number         0  boardshut.o ABSOLUTE
    ../clib/angel/boardlib.s                 0x00000000   Number         0  boardinit1.o ABSOLUTE
    ../clib/angel/boardlib.s                 0x00000000   Number         0  boardinit3.o ABSOLUTE
    ../clib/angel/handlers.s                 0x00000000   Number         0  __scatter_copy.o ABSOLUTE
    ../clib/angel/handlers.s                 0x00000000   Number         0  __scatter_zi.o ABSOLUTE
    ../clib/angel/kernel.s                   0x00000000   Number         0  __rtentry2.o ABSOLUTE
    ../clib/angel/kernel.s                   0x00000000   Number         0  __rtentry.o ABSOLUTE
    ../clib/angel/kernel.s                   0x00000000   Number         0  rtexit.o ABSOLUTE
    ../clib/angel/kernel.s                   0x00000000   Number         0  rtexit2.o ABSOLUTE
    ../clib/angel/kernel.s                   0x00000000   Number         0  __rtentry4.o ABSOLUTE
    ../clib/angel/rt.s                       0x00000000   Number         0  rt_raise.o ABSOLUTE
    ../clib/angel/scatter.s                  0x00000000   Number         0  __scatter.o ABSOLUTE
    ../clib/angel/startup.s                  0x00000000   Number         0  __main.o ABSOLUTE
    ../clib/angel/sys.s                      0x00000000   Number         0  libspace.o ABSOLUTE
    ../clib/angel/sys.s                      0x00000000   Number         0  indicate_semi.o ABSOLUTE
    ../clib/angel/sys.s                      0x00000000   Number         0  use_no_semi.o ABSOLUTE
    ../clib/angel/sys.s                      0x00000000   Number         0  sys_stackheap_outer.o ABSOLUTE
    ../clib/angel/sysapp.c                   0x00000000   Number         0  sys_command.o ABSOLUTE
    ../clib/angel/sysapp.c                   0x00000000   Number         0  sys_exit.o ABSOLUTE
    ../clib/angel/sysapp.c                   0x00000000   Number         0  sys_wrch.o ABSOLUTE
    ../clib/armsys.c                         0x00000000   Number         0  argv_veneer.o ABSOLUTE
    ../clib/armsys.c                         0x00000000   Number         0  no_argv.o ABSOLUTE
    ../clib/armsys.c                         0x00000000   Number         0  _get_argv_nomalloc.o ABSOLUTE
    ../clib/armsys.c                         0x00000000   Number         0  argv_veneer.o ABSOLUTE
    ../clib/heapalloc.c                      0x00000000   Number         0  hrguard.o ABSOLUTE
    ../clib/heapaux.c                        0x00000000   Number         0  heapauxi.o ABSOLUTE
    ../clib/libinit.s                        0x00000000   Number         0  libinit2.o ABSOLUTE
    ../clib/libinit.s                        0x00000000   Number         0  libshutdown.o ABSOLUTE
    ../clib/libinit.s                        0x00000000   Number         0  libinit.o ABSOLUTE
    ../clib/libinit.s                        0x00000000   Number         0  libshutdown2.o ABSOLUTE
    ../clib/memcpset.s                       0x00000000   Number         0  rt_memclr_w.o ABSOLUTE
    ../clib/memcpset.s                       0x00000000   Number         0  rt_memcpy_w.o ABSOLUTE
    ../clib/memcpset.s                       0x00000000   Number         0  rt_memclr.o ABSOLUTE
    ../clib/memcpset.s                       0x00000000   Number         0  aeabi_memset.o ABSOLUTE
    ../clib/memcpset.s                       0x00000000   Number         0  rt_memcpy_v6.o ABSOLUTE
    ../clib/signal.c                         0x00000000   Number         0  defsig_stak_inner.o ABSOLUTE
    ../clib/signal.c                         0x00000000   Number         0  defsig_pvfn_inner.o ABSOLUTE
    ../clib/signal.c                         0x00000000   Number         0  defsig_cppl_inner.o ABSOLUTE
    ../clib/signal.c                         0x00000000   Number         0  defsig_segv_inner.o ABSOLUTE
    ../clib/signal.c                         0x00000000   Number         0  defsig_other.o ABSOLUTE
    ../clib/signal.c                         0x00000000   Number         0  defsig_rtmem_formal.o ABSOLUTE
    ../clib/signal.c                         0x00000000   Number         0  defsig_rtmem_outer.o ABSOLUTE
    ../clib/signal.c                         0x00000000   Number         0  __raise.o ABSOLUTE
    ../clib/signal.c                         0x00000000   Number         0  defsig_exit.o ABSOLUTE
    ../clib/signal.c                         0x00000000   Number         0  defsig_rtmem_inner.o ABSOLUTE
    ../clib/signal.c                         0x00000000   Number         0  defsig_general.o ABSOLUTE
    ../clib/signal.c                         0x00000000   Number         0  defsig_abrt_inner.o ABSOLUTE
    ../clib/signal.c                         0x00000000   Number         0  defsig_fpe_inner.o ABSOLUTE
    ../clib/signal.c                         0x00000000   Number         0  defsig_rtred_inner.o ABSOLUTE
    ../clib/signal.s                         0x00000000   Number         0  defsig.o ABSOLUTE
    ../clib/stdlib.c                         0x00000000   Number         0  exit.o ABSOLUTE
    ../fplib/d2f.s                           0x00000000   Number         0  d2f.o ABSOLUTE
    ../fplib/daddsub.s                       0x00000000   Number         0  daddsub_clz.o ABSOLUTE
    ../fplib/ddiv.s                          0x00000000   Number         0  ddiv.o ABSOLUTE
    ../fplib/dfix.s                          0x00000000   Number         0  dfix.o ABSOLUTE
    ../fplib/dflt.s                          0x00000000   Number         0  dflt_clz.o ABSOLUTE
    ../fplib/dmul.s                          0x00000000   Number         0  dmul.o ABSOLUTE
    ../fplib/dnaninf.s                       0x00000000   Number         0  dnaninf.o ABSOLUTE
    ../fplib/dretinf.s                       0x00000000   Number         0  dretinf.o ABSOLUTE
    ../fplib/f2d.s                           0x00000000   Number         0  f2d.o ABSOLUTE
    ../fplib/fnaninf.s                       0x00000000   Number         0  fnaninf.o ABSOLUTE
    ../fplib/fpinit.s                        0x00000000   Number         0  fpinit.o ABSOLUTE
    ../fplib/fretinf.s                       0x00000000   Number         0  fretinf.o ABSOLUTE
    ../fplib/usenofp.s                       0x00000000   Number         0  usenofp.o ABSOLUTE
    C:\Users\lenovo\AppData\Local\Arm\Packs\ARM\CMSIS-FreeRTOS\10.5.1\CMSIS\RTOS2\FreeRTOS\Source\ARM\clib_arm.c 0x00000000   Number         0  clib_arm.o ABSOLUTE
    C:\Users\lenovo\AppData\Local\Arm\Packs\ARM\CMSIS-FreeRTOS\10.5.1\CMSIS\RTOS2\FreeRTOS\Source\cmsis_os2.c 0x00000000   Number         0  cmsis_os2.o ABSOLUTE
    C:\Users\lenovo\AppData\Local\Arm\Packs\ARM\CMSIS-FreeRTOS\10.5.1\CMSIS\RTOS2\FreeRTOS\Source\freertos_evr.c 0x00000000   Number         0  freertos_evr.o ABSOLUTE
    C:\Users\lenovo\AppData\Local\Arm\Packs\ARM\CMSIS-FreeRTOS\10.5.1\CMSIS\RTOS2\FreeRTOS\Source\os_systick.c 0x00000000   Number         0  os_systick.o ABSOLUTE
    C:\Users\lenovo\AppData\Local\Arm\Packs\ARM\CMSIS-FreeRTOS\10.5.1\Source\event_groups.c 0x00000000   Number         0  event_groups.o ABSOLUTE
    C:\Users\lenovo\AppData\Local\Arm\Packs\ARM\CMSIS-FreeRTOS\10.5.1\Source\list.c 0x00000000   Number         0  list.o ABSOLUTE
    C:\Users\lenovo\AppData\Local\Arm\Packs\ARM\CMSIS-FreeRTOS\10.5.1\Source\portable\MemMang\heap_4.c 0x00000000   Number         0  heap_4.o ABSOLUTE
    C:\Users\lenovo\AppData\Local\Arm\Packs\ARM\CMSIS-FreeRTOS\10.5.1\Source\portable\RVDS\ARM_CM4F\port.c 0x00000000   Number         0  port.o ABSOLUTE
    C:\Users\lenovo\AppData\Local\Arm\Packs\ARM\CMSIS-FreeRTOS\10.5.1\Source\queue.c 0x00000000   Number         0  queue.o ABSOLUTE
    C:\Users\lenovo\AppData\Local\Arm\Packs\ARM\CMSIS-FreeRTOS\10.5.1\Source\tasks.c 0x00000000   Number         0  tasks.o ABSOLUTE
    C:\Users\lenovo\AppData\Local\Arm\Packs\ARM\CMSIS-FreeRTOS\10.5.1\Source\timers.c 0x00000000   Number         0  timers.o ABSOLUTE
    C:\\Users\\lenovo\\AppData\\Local\\Arm\\Packs\\ARM\\CMSIS-FreeRTOS\\10.5.1\\CMSIS\\RTOS2\\FreeRTOS\\Source\\ARM\\clib_arm.c 0x00000000   Number         0  clib_arm.o ABSOLUTE
    C:\\Users\\lenovo\\AppData\\Local\\Arm\\Packs\\ARM\\CMSIS-FreeRTOS\\10.5.1\\CMSIS\\RTOS2\\FreeRTOS\\Source\\cmsis_os2.c 0x00000000   Number         0  cmsis_os2.o ABSOLUTE
    C:\\Users\\lenovo\\AppData\\Local\\Arm\\Packs\\ARM\\CMSIS-FreeRTOS\\10.5.1\\CMSIS\\RTOS2\\FreeRTOS\\Source\\freertos_evr.c 0x00000000   Number         0  freertos_evr.o ABSOLUTE
    C:\\Users\\lenovo\\AppData\\Local\\Arm\\Packs\\ARM\\CMSIS-FreeRTOS\\10.5.1\\CMSIS\\RTOS2\\FreeRTOS\\Source\\os_systick.c 0x00000000   Number         0  os_systick.o ABSOLUTE
    C:\\Users\\lenovo\\AppData\\Local\\Arm\\Packs\\ARM\\CMSIS-FreeRTOS\\10.5.1\\Source\\event_groups.c 0x00000000   Number         0  event_groups.o ABSOLUTE
    C:\\Users\\lenovo\\AppData\\Local\\Arm\\Packs\\ARM\\CMSIS-FreeRTOS\\10.5.1\\Source\\list.c 0x00000000   Number         0  list.o ABSOLUTE
    C:\\Users\\lenovo\\AppData\\Local\\Arm\\Packs\\ARM\\CMSIS-FreeRTOS\\10.5.1\\Source\\portable\\MemMang\\heap_4.c 0x00000000   Number         0  heap_4.o ABSOLUTE
    C:\\Users\\lenovo\\AppData\\Local\\Arm\\Packs\\ARM\\CMSIS-FreeRTOS\\10.5.1\\Source\\portable\\RVDS\\ARM_CM4F\\port.c 0x00000000   Number         0  port.o ABSOLUTE
    C:\\Users\\lenovo\\AppData\\Local\\Arm\\Packs\\ARM\\CMSIS-FreeRTOS\\10.5.1\\Source\\queue.c 0x00000000   Number         0  queue.o ABSOLUTE
    C:\\Users\\lenovo\\AppData\\Local\\Arm\\Packs\\ARM\\CMSIS-FreeRTOS\\10.5.1\\Source\\tasks.c 0x00000000   Number         0  tasks.o ABSOLUTE
    C:\\Users\\lenovo\\AppData\\Local\\Arm\\Packs\\ARM\\CMSIS-FreeRTOS\\10.5.1\\Source\\timers.c 0x00000000   Number         0  timers.o ABSOLUTE
    RTE\Device\TM4C123GH6PM\startup_TM4C123.s 0x00000000   Number         0  startup_tm4c123.o ABSOLUTE
    RTE\Device\TM4C123GH6PM\system_TM4C123.c 0x00000000   Number         0  system_tm4c123.o ABSOLUTE
    RTE\\Device\\TM4C123GH6PM\\system_TM4C123.c 0x00000000   Number         0  system_tm4c123.o ABSOLUTE
    cpu.c                                    0x00000000   Number         0  cpu.o ABSOLUTE
    cpu.c                                    0x00000000   Number         0  cpu.o ABSOLUTE
    dc.s                                     0x00000000   Number         0  dc.o ABSOLUTE
    gpio.c                                   0x00000000   Number         0  gpio.o ABSOLUTE
    interrupt.c                              0x00000000   Number         0  interrupt.o ABSOLUTE
    main.c                                   0x00000000   Number         0  main.o ABSOLUTE
    sysctl.c                                 0x00000000   Number         0  sysctl.o ABSOLUTE
    sysctl.c                                 0x00000000   Number         0  sysctl.o ABSOLUTE
    uart.c                                   0x00000000   Number         0  uart.o ABSOLUTE
    uart.c                                   0x00000000   Number         0  uart.o ABSOLUTE
    uart.c                                   0x00000000   Number         0  uart.o ABSOLUTE
    uart_echo.c                              0x00000000   Number         0  uart_echo.o ABSOLUTE
    !!!main                                  0x0000026c   Section        8  __main.o(!!!main)
    !!!scatter                               0x00000274   Section       52  __scatter.o(!!!scatter)
    !!handler_copy                           0x000002a8   Section       26  __scatter_copy.o(!!handler_copy)
    !!handler_zi                             0x000002c4   Section       28  __scatter_zi.o(!!handler_zi)
    .ARM.Collect$$libinit$$00000000          0x000002e0   Section        2  libinit.o(.ARM.Collect$$libinit$$00000000)
    .ARM.Collect$$libinit$$00000001          0x000002e2   Section        4  libinit2.o(.ARM.Collect$$libinit$$00000001)
    .ARM.Collect$$libinit$$00000004          0x000002e6   Section        0  libinit2.o(.ARM.Collect$$libinit$$00000004)
    .ARM.Collect$$libinit$$0000000A          0x000002e6   Section        0  libinit2.o(.ARM.Collect$$libinit$$0000000A)
    .ARM.Collect$$libinit$$0000000C          0x000002e6   Section        0  libinit2.o(.ARM.Collect$$libinit$$0000000C)
    .ARM.Collect$$libinit$$0000000E          0x000002e6   Section        0  libinit2.o(.ARM.Collect$$libinit$$0000000E)
    .ARM.Collect$$libinit$$00000011          0x000002e6   Section        0  libinit2.o(.ARM.Collect$$libinit$$00000011)
    .ARM.Collect$$libinit$$00000013          0x000002e6   Section        0  libinit2.o(.ARM.Collect$$libinit$$00000013)
    .ARM.Collect$$libinit$$00000015          0x000002e6   Section        0  libinit2.o(.ARM.Collect$$libinit$$00000015)
    .ARM.Collect$$libinit$$00000017          0x000002e6   Section        0  libinit2.o(.ARM.Collect$$libinit$$00000017)
    .ARM.Collect$$libinit$$00000019          0x000002e6   Section        0  libinit2.o(.ARM.Collect$$libinit$$00000019)
    .ARM.Collect$$libinit$$0000001B          0x000002e6   Section        0  libinit2.o(.ARM.Collect$$libinit$$0000001B)
    .ARM.Collect$$libinit$$0000001D          0x000002e6   Section        0  libinit2.o(.ARM.Collect$$libinit$$0000001D)
    .ARM.Collect$$libinit$$0000001F          0x000002e6   Section        0  libinit2.o(.ARM.Collect$$libinit$$0000001F)
    .ARM.Collect$$libinit$$00000021          0x000002e6   Section        0  libinit2.o(.ARM.Collect$$libinit$$00000021)
    .ARM.Collect$$libinit$$00000023          0x000002e6   Section        0  libinit2.o(.ARM.Collect$$libinit$$00000023)
    .ARM.Collect$$libinit$$00000025          0x000002e6   Section        0  libinit2.o(.ARM.Collect$$libinit$$00000025)
    .ARM.Collect$$libinit$$0000002C          0x000002e6   Section        0  libinit2.o(.ARM.Collect$$libinit$$0000002C)
    .ARM.Collect$$libinit$$0000002E          0x000002e6   Section        0  libinit2.o(.ARM.Collect$$libinit$$0000002E)
    .ARM.Collect$$libinit$$00000030          0x000002e6   Section        0  libinit2.o(.ARM.Collect$$libinit$$00000030)
    .ARM.Collect$$libinit$$00000032          0x000002e6   Section        0  libinit2.o(.ARM.Collect$$libinit$$00000032)
    .ARM.Collect$$libinit$$00000033          0x000002e6   Section        2  libinit2.o(.ARM.Collect$$libinit$$00000033)
    .ARM.Collect$$libshutdown$$00000000      0x000002e8   Section        2  libshutdown.o(.ARM.Collect$$libshutdown$$00000000)
    .ARM.Collect$$libshutdown$$00000002      0x000002ea   Section        0  libshutdown2.o(.ARM.Collect$$libshutdown$$00000002)
    .ARM.Collect$$libshutdown$$00000004      0x000002ea   Section        0  libshutdown2.o(.ARM.Collect$$libshutdown$$00000004)
    .ARM.Collect$$libshutdown$$00000007      0x000002ea   Section        0  libshutdown2.o(.ARM.Collect$$libshutdown$$00000007)
    .ARM.Collect$$libshutdown$$0000000A      0x000002ea   Section        0  libshutdown2.o(.ARM.Collect$$libshutdown$$0000000A)
    .ARM.Collect$$libshutdown$$0000000C      0x000002ea   Section        0  libshutdown2.o(.ARM.Collect$$libshutdown$$0000000C)
    .ARM.Collect$$libshutdown$$0000000F      0x000002ea   Section        0  libshutdown2.o(.ARM.Collect$$libshutdown$$0000000F)
    .ARM.Collect$$libshutdown$$00000010      0x000002ea   Section        2  libshutdown2.o(.ARM.Collect$$libshutdown$$00000010)
    .ARM.Collect$$rtentry$$00000000          0x000002ec   Section        0  __rtentry.o(.ARM.Collect$$rtentry$$00000000)
    .ARM.Collect$$rtentry$$00000002          0x000002ec   Section        0  __rtentry2.o(.ARM.Collect$$rtentry$$00000002)
    .ARM.Collect$$rtentry$$00000004          0x000002ec   Section        6  __rtentry4.o(.ARM.Collect$$rtentry$$00000004)
    .ARM.Collect$$rtentry$$00000008          0x000002f2   Section        8  __rtentry2.o(.ARM.Collect$$rtentry$$00000008)
    .ARM.Collect$$rtentry$$0000000A          0x000002fa   Section        4  __rtentry2.o(.ARM.Collect$$rtentry$$0000000A)
    .ARM.Collect$$rtentry$$0000000C          0x000002fe   Section        0  __rtentry2.o(.ARM.Collect$$rtentry$$0000000C)
    .ARM.Collect$$rtentry$$0000000D          0x000002fe   Section        8  __rtentry2.o(.ARM.Collect$$rtentry$$0000000D)
    .ARM.Collect$$rtexit$$00000000           0x00000306   Section        2  rtexit.o(.ARM.Collect$$rtexit$$00000000)
    .ARM.Collect$$rtexit$$00000002           0x00000308   Section        0  rtexit2.o(.ARM.Collect$$rtexit$$00000002)
    .ARM.Collect$$rtexit$$00000003           0x00000308   Section        4  rtexit2.o(.ARM.Collect$$rtexit$$00000003)
    .ARM.Collect$$rtexit$$00000004           0x0000030c   Section        6  rtexit2.o(.ARM.Collect$$rtexit$$00000004)
    .emb_text                                0x00000314   Section      190  port.o(.emb_text)
    $v0                                      0x00000314   Number         0  port.o(.emb_text)
    .text                                    0x000003d4   Section      276  startup_tm4c123.o(.text)
    $v0                                      0x000003d4   Number         0  startup_tm4c123.o(.text)
    .text                                    0x000004e8   Section      138  rt_memcpy_v6.o(.text)
    .text                                    0x00000572   Section        0  heapauxi.o(.text)
    .text                                    0x00000578   Section      100  rt_memcpy_w.o(.text)
    .text                                    0x000005dc   Section       74  sys_stackheap_outer.o(.text)
    .text                                    0x00000626   Section        0  exit.o(.text)
    .text                                    0x00000638   Section        8  libspace.o(.text)
    .text                                    0x00000640   Section        0  sys_exit.o(.text)
    .text                                    0x0000064c   Section        2  use_no_semi.o(.text)
    .text                                    0x0000064e   Section        0  indicate_semi.o(.text)
    i.Delay                                  0x0000064e   Section        0  main.o(i.Delay)
    i.GPIO_PortA_Init                        0x0000065c   Section        0  main.o(i.GPIO_PortA_Init)
    i.Stop                                   0x00000680   Section        0  main.o(i.Stop)
    i.SysTick_Handler                        0x0000068c   Section        0  cmsis_os2.o(i.SysTick_Handler)
    i.SystemInit                             0x000006a4   Section        0  system_tm4c123.o(i.SystemInit)
    i.Timer1A_Init                           0x0000073c   Section        0  main.o(i.Timer1A_Init)
    i.Timer2A_Init                           0x000007e0   Section        0  main.o(i.Timer2A_Init)
    i._mutex_acquire                         0x00000828   Section        0  clib_arm.o(i._mutex_acquire)
    __tagsym$$used                           0x00000829   Number         0  clib_arm.o(i._mutex_acquire)
    i._mutex_free                            0x00000844   Section        0  clib_arm.o(i._mutex_free)
    __tagsym$$used                           0x00000845   Number         0  clib_arm.o(i._mutex_free)
    i._mutex_initialize                      0x00000878   Section        0  clib_arm.o(i._mutex_initialize)
    __tagsym$$used                           0x00000879   Number         0  clib_arm.o(i._mutex_initialize)
    i._mutex_release                         0x000008e4   Section        0  clib_arm.o(i._mutex_release)
    __tagsym$$used                           0x000008e5   Number         0  clib_arm.o(i._mutex_release)
    i._platform_post_stackheap_init          0x00000902   Section        0  clib_arm.o(i._platform_post_stackheap_init)
    i.brogetback                             0x00000904   Section        0  main.o(i.brogetback)
    i.configureSystickTimer                  0x00000af8   Section        0  main.o(i.configureSystickTimer)
    i.delay                                  0x00000b34   Section        0  main.o(i.delay)
    i.distanceSensorConfig                   0x00000b40   Section        0  main.o(i.distanceSensorConfig)
    i.getDistance                            0x00000bd4   Section        0  main.o(i.getDistance)
    i.is_thread_mode                         0x00000be0   Section        0  clib_arm.o(i.is_thread_mode)
    is_thread_mode                           0x00000be1   Thumb Code    16  clib_arm.o(i.is_thread_mode)
    i.main                                   0x00000bf0   Section        0  main.o(i.main)
    i.motorDriverConfig                      0x00000c74   Section        0  main.o(i.motorDriverConfig)
    i.moveBackward                           0x00000c8c   Section        0  main.o(i.moveBackward)
    i.moveForward                            0x00000c98   Section        0  main.o(i.moveForward)
    i.moveLeft                               0x00000ca4   Section        0  main.o(i.moveLeft)
    i.moveRight                              0x00000cb0   Section        0  main.o(i.moveRight)
    i.os_kernel_is_active                    0x00000cbc   Section        0  clib_arm.o(i.os_kernel_is_active)
    os_kernel_is_active                      0x00000cbd   Thumb Code    18  clib_arm.o(i.os_kernel_is_active)
    i.prvAddCurrentTaskToDelayedList         0x00000cd0   Section        0  tasks.o(i.prvAddCurrentTaskToDelayedList)
    prvAddCurrentTaskToDelayedList           0x00000cd1   Thumb Code   140  tasks.o(i.prvAddCurrentTaskToDelayedList)
    i.prvCopyDataToQueue                     0x00000d74   Section        0  queue.o(i.prvCopyDataToQueue)
    prvCopyDataToQueue                       0x00000d75   Thumb Code   126  queue.o(i.prvCopyDataToQueue)
    i.prvGetDisinheritPriorityAfterTimeout   0x00000df2   Section        0  queue.o(i.prvGetDisinheritPriorityAfterTimeout)
    prvGetDisinheritPriorityAfterTimeout     0x00000df3   Thumb Code    20  queue.o(i.prvGetDisinheritPriorityAfterTimeout)
    i.prvHeapInit                            0x00000e08   Section        0  heap_4.o(i.prvHeapInit)
    prvHeapInit                              0x00000e09   Thumb Code    90  heap_4.o(i.prvHeapInit)
    i.prvInitialiseMutex                     0x00000e78   Section        0  queue.o(i.prvInitialiseMutex)
    prvInitialiseMutex                       0x00000e79   Thumb Code    30  queue.o(i.prvInitialiseMutex)
    i.prvInitialiseNewQueue                  0x00000e96   Section        0  queue.o(i.prvInitialiseNewQueue)
    prvInitialiseNewQueue                    0x00000e97   Thumb Code    42  queue.o(i.prvInitialiseNewQueue)
    i.prvInsertBlockIntoFreeList             0x00000ec0   Section        0  heap_4.o(i.prvInsertBlockIntoFreeList)
    prvInsertBlockIntoFreeList               0x00000ec1   Thumb Code    96  heap_4.o(i.prvInsertBlockIntoFreeList)
    i.prvIsQueueEmpty                        0x00000f28   Section        0  queue.o(i.prvIsQueueEmpty)
    prvIsQueueEmpty                          0x00000f29   Thumb Code    26  queue.o(i.prvIsQueueEmpty)
    i.prvIsQueueFull                         0x00000f42   Section        0  queue.o(i.prvIsQueueFull)
    prvIsQueueFull                           0x00000f43   Thumb Code    30  queue.o(i.prvIsQueueFull)
    i.prvResetNextTaskUnblockTime            0x00000f60   Section        0  tasks.o(i.prvResetNextTaskUnblockTime)
    prvResetNextTaskUnblockTime              0x00000f61   Thumb Code    40  tasks.o(i.prvResetNextTaskUnblockTime)
    i.prvUnlockQueue                         0x00000f90   Section        0  queue.o(i.prvUnlockQueue)
    prvUnlockQueue                           0x00000f91   Thumb Code   126  queue.o(i.prvUnlockQueue)
    i.pvPortMalloc                           0x00001010   Section        0  heap_4.o(i.pvPortMalloc)
    i.pvTaskIncrementMutexHeldCount          0x000010f4   Section        0  tasks.o(i.pvTaskIncrementMutexHeldCount)
    i.servoConfig                            0x00001114   Section        0  main.o(i.servoConfig)
    i.servoLeft                              0x0000111c   Section        0  main.o(i.servoLeft)
    i.servoNeutral                           0x0000112c   Section        0  main.o(i.servoNeutral)
    i.servoRight                             0x0000113c   Section        0  main.o(i.servoRight)
    i.uxListRemove                           0x0000114c   Section        0  list.o(i.uxListRemove)
    i.vApplicationStackOverflowHook          0x00001174   Section        0  cmsis_os2.o(i.vApplicationStackOverflowHook)
    i.vApplicationTickHook                   0x00001176   Section        0  cmsis_os2.o(i.vApplicationTickHook)
    i.vListInitialise                        0x00001178   Section        0  list.o(i.vListInitialise)
    i.vListInsert                            0x00001192   Section        0  list.o(i.vListInsert)
    i.vPortEnterCritical                     0x000011c8   Section        0  port.o(i.vPortEnterCritical)
    i.vPortExitCritical                      0x000011ec   Section        0  port.o(i.vPortExitCritical)
    i.vPortFree                              0x0000120c   Section        0  heap_4.o(i.vPortFree)
    i.vQueueDelete                           0x00001258   Section        0  queue.o(i.vQueueDelete)
    i.vTaskInternalSetTimeOutState           0x0000126c   Section        0  tasks.o(i.vTaskInternalSetTimeOutState)
    i.vTaskMissedYield                       0x00001284   Section        0  tasks.o(i.vTaskMissedYield)
    i.vTaskPlaceOnEventList                  0x00001290   Section        0  tasks.o(i.vTaskPlaceOnEventList)
    i.vTaskPriorityDisinheritAfterTimeout    0x000012b0   Section        0  tasks.o(i.vTaskPriorityDisinheritAfterTimeout)
    i.vTaskSuspendAll                        0x00001370   Section        0  tasks.o(i.vTaskSuspendAll)
    i.vTaskSwitchContext                     0x00001380   Section        0  tasks.o(i.vTaskSwitchContext)
    i.xPortSysTickHandler                    0x00001430   Section        0  port.o(i.xPortSysTickHandler)
    i.xQueueCreateMutex                      0x00001464   Section        0  queue.o(i.xQueueCreateMutex)
    i.xQueueCreateMutexStatic                0x00001486   Section        0  queue.o(i.xQueueCreateMutexStatic)
    i.xQueueGenericCreate                    0x000014b0   Section        0  queue.o(i.xQueueGenericCreate)
    i.xQueueGenericCreateStatic              0x00001502   Section        0  queue.o(i.xQueueGenericCreateStatic)
    i.xQueueGenericReset                     0x00001540   Section        0  queue.o(i.xQueueGenericReset)
    i.xQueueGenericSend                      0x000015e0   Section        0  queue.o(i.xQueueGenericSend)
    i.xQueueSemaphoreTake                    0x000016f8   Section        0  queue.o(i.xQueueSemaphoreTake)
    i.xTaskCheckForTimeOut                   0x00001828   Section        0  tasks.o(i.xTaskCheckForTimeOut)
    i.xTaskGetSchedulerState                 0x00001888   Section        0  tasks.o(i.xTaskGetSchedulerState)
    i.xTaskIncrementTick                     0x000018a8   Section        0  tasks.o(i.xTaskIncrementTick)
    i.xTaskPriorityDisinherit                0x00001a44   Section        0  tasks.o(i.xTaskPriorityDisinherit)
    i.xTaskPriorityInherit                   0x00001ad8   Section        0  tasks.o(i.xTaskPriorityInherit)
    i.xTaskRemoveFromEventList               0x00001bb0   Section        0  tasks.o(i.xTaskRemoveFromEventList)
    i.xTaskResumeAll                         0x00001cb8   Section        0  tasks.o(i.xTaskResumeAll)
    x$fpl$fpinit                             0x00001e10   Section       10  fpinit.o(x$fpl$fpinit)
    $v0                                      0x00001e10   Number         0  fpinit.o(x$fpl$fpinit)
    .data                                    0x20000000   Section       33  main.o(.data)
    time_capture                             0x2000001c   Data           4  main.o(.data)
    flag                                     0x20000020   Data           1  main.o(.data)
    .data                                    0x20000024   Section       28  heap_4.o(.data)
    xStart                                   0x20000024   Data           8  heap_4.o(.data)
    pxEnd                                    0x2000002c   Data           4  heap_4.o(.data)
    xFreeBytesRemaining                      0x20000030   Data           4  heap_4.o(.data)
    xMinimumEverFreeBytesRemaining           0x20000034   Data           4  heap_4.o(.data)
    xNumberOfSuccessfulAllocations           0x20000038   Data           4  heap_4.o(.data)
    xNumberOfSuccessfulFrees                 0x2000003c   Data           4  heap_4.o(.data)
    .data                                    0x20000040   Section        4  port.o(.data)
    uxCriticalNesting                        0x20000040   Data           4  port.o(.data)
    .data                                    0x20000044   Section       64  tasks.o(.data)
    pxDelayedTaskList                        0x20000048   Data           4  tasks.o(.data)
    pxOverflowDelayedTaskList                0x2000004c   Data           4  tasks.o(.data)
    uxDeletedTasksWaitingCleanUp             0x20000050   Data           4  tasks.o(.data)
    uxCurrentNumberOfTasks                   0x20000054   Data           4  tasks.o(.data)
    xTickCount                               0x20000058   Data           4  tasks.o(.data)
    uxTopReadyPriority                       0x2000005c   Data           4  tasks.o(.data)
    xSchedulerRunning                        0x20000060   Data           4  tasks.o(.data)
    xPendedTicks                             0x20000064   Data           4  tasks.o(.data)
    xYieldPending                            0x20000068   Data           4  tasks.o(.data)
    xNumOfOverflows                          0x2000006c   Data           4  tasks.o(.data)
    uxTaskNumber                             0x20000070   Data           4  tasks.o(.data)
    xNextTaskUnblockTime                     0x20000074   Data           4  tasks.o(.data)
    xIdleTaskHandle                          0x20000078   Data           4  tasks.o(.data)
    uxSchedulerSuspended                     0x20000080   Data           4  tasks.o(.data)
    .bss                                     0x20000084   Section      916  clib_arm.o(.bss)
    os_libspace                              0x20000084   Data         480  clib_arm.o(.bss)
    os_libspace_id                           0x20000264   Data          16  clib_arm.o(.bss)
    clib_mutex_cb                            0x20000274   Data         400  clib_arm.o(.bss)
    clib_mutex_id                            0x20000404   Data          20  clib_arm.o(.bss)
    .bss                                     0x20000418   Section     8192  heap_4.o(.bss)
    ucHeap                                   0x20000418   Data        8192  heap_4.o(.bss)
    .bss                                     0x20002418   Section     1220  tasks.o(.bss)
    pxReadyTasksLists                        0x20002418   Data        1120  tasks.o(.bss)
    xDelayedTaskList1                        0x20002878   Data          20  tasks.o(.bss)
    xDelayedTaskList2                        0x2000288c   Data          20  tasks.o(.bss)
    xPendingReadyList                        0x200028a0   Data          20  tasks.o(.bss)
    xTasksWaitingTermination                 0x200028b4   Data          20  tasks.o(.bss)
    xSuspendedTaskList                       0x200028c8   Data          20  tasks.o(.bss)
    .bss                                     0x200028dc   Section       96  libspace.o(.bss)
    HEAP                                     0x20002940   Section        0  startup_tm4c123.o(HEAP)
    STACK                                    0x20002940   Section      512  startup_tm4c123.o(STACK)
    Heap_Mem                                 0x20002940   Data           0  startup_tm4c123.o(HEAP)
    Stack_Mem                                0x20002940   Data         512  startup_tm4c123.o(STACK)
    __initial_sp                             0x20002b40   Data           0  startup_tm4c123.o(STACK)

    Global Symbols

    Symbol Name                              Value     Ov Type        Size  Object(Section)

    BuildAttributes$$THM_ISAv4$E$P$D$K$B$S$7EM$VFPi3$EXTD16$VFPS$VFMA$PE$A:L22UL41UL21$X:L11$S22US41US21$IEEE1$IW$USESV6$~STKCKD$USESV7$~SHL$OTIME$ROPI$EBA8$UX$STANDARDLIB$REQ8$PRES8$EABIv2 0x00000000   Number         0  anon$$obj.o ABSOLUTE
    __ARM_use_no_argv                        0x00000000   Number         0  main.o ABSOLUTE
    __Vectors                                0x00000000   Data           4  startup_tm4c123.o(RESET)
    __ARM_exceptions_init                     - Undefined Weak Reference
    __alloca_initialize                       - Undefined Weak Reference
    __arm_preinit_                            - Undefined Weak Reference
    __cpp_initialize__aeabi_                  - Undefined Weak Reference
    __cxa_finalize                            - Undefined Weak Reference
    __rt_locale                               - Undefined Weak Reference
    __sigvec_lookup                           - Undefined Weak Reference
    _atexit_init                              - Undefined Weak Reference
    _call_atexit_fns                          - Undefined Weak Reference
    _clock_init                               - Undefined Weak Reference
    _fp_trap_init                             - Undefined Weak Reference
    _fp_trap_shutdown                         - Undefined Weak Reference
    _get_lc_collate                           - Undefined Weak Reference
    _get_lc_ctype                             - Undefined Weak Reference
    _get_lc_monetary                          - Undefined Weak Reference
    _get_lc_numeric                           - Undefined Weak Reference
    _get_lc_time                              - Undefined Weak Reference
    _getenv_init                              - Undefined Weak Reference
    _handle_redirection                       - Undefined Weak Reference
    _init_alloc                               - Undefined Weak Reference
    _init_user_alloc                          - Undefined Weak Reference
    _initio                                   - Undefined Weak Reference
    _rand_init                                - Undefined Weak Reference
    _signal_finish                            - Undefined Weak Reference
    _signal_init                              - Undefined Weak Reference
    _terminate_alloc                          - Undefined Weak Reference
    _terminate_user_alloc                     - Undefined Weak Reference
    _terminateio                              - Undefined Weak Reference
    __Vectors_End                            0x0000026c   Data           0  startup_tm4c123.o(RESET)
    __Vectors_Size                           0x0000026c   Number         0  startup_tm4c123.o ABSOLUTE
    __main                                   0x0000026d   Thumb Code     8  __main.o(!!!main)
    __scatterload                            0x00000275   Thumb Code     0  __scatter.o(!!!scatter)
    __scatterload_rt2                        0x00000275   Thumb Code    44  __scatter.o(!!!scatter)
    __scatterload_rt2_thumb_only             0x00000275   Thumb Code     0  __scatter.o(!!!scatter)
    __scatterload_null                       0x00000283   Thumb Code     0  __scatter.o(!!!scatter)
    __scatterload_copy                       0x000002a9   Thumb Code    26  __scatter_copy.o(!!handler_copy)
    __scatterload_zeroinit                   0x000002c5   Thumb Code    28  __scatter_zi.o(!!handler_zi)
    __rt_lib_init                            0x000002e1   Thumb Code     0  libinit.o(.ARM.Collect$$libinit$$00000000)
    __rt_lib_init_fp_1                       0x000002e3   Thumb Code     0  libinit2.o(.ARM.Collect$$libinit$$00000001)
    __rt_lib_init_alloca_1                   0x000002e7   Thumb Code     0  libinit2.o(.ARM.Collect$$libinit$$0000002E)
    __rt_lib_init_argv_1                     0x000002e7   Thumb Code     0  libinit2.o(.ARM.Collect$$libinit$$0000002C)
    __rt_lib_init_atexit_1                   0x000002e7   Thumb Code     0  libinit2.o(.ARM.Collect$$libinit$$0000001B)
    __rt_lib_init_clock_1                    0x000002e7   Thumb Code     0  libinit2.o(.ARM.Collect$$libinit$$00000021)
    __rt_lib_init_cpp_1                      0x000002e7   Thumb Code     0  libinit2.o(.ARM.Collect$$libinit$$00000032)
    __rt_lib_init_exceptions_1               0x000002e7   Thumb Code     0  libinit2.o(.ARM.Collect$$libinit$$00000030)
    __rt_lib_init_fp_trap_1                  0x000002e7   Thumb Code     0  libinit2.o(.ARM.Collect$$libinit$$0000001F)
    __rt_lib_init_getenv_1                   0x000002e7   Thumb Code     0  libinit2.o(.ARM.Collect$$libinit$$00000023)
    __rt_lib_init_heap_1                     0x000002e7   Thumb Code     0  libinit2.o(.ARM.Collect$$libinit$$0000000A)
    __rt_lib_init_lc_collate_1               0x000002e7   Thumb Code     0  libinit2.o(.ARM.Collect$$libinit$$00000011)
    __rt_lib_init_lc_ctype_1                 0x000002e7   Thumb Code     0  libinit2.o(.ARM.Collect$$libinit$$00000013)
    __rt_lib_init_lc_monetary_1              0x000002e7   Thumb Code     0  libinit2.o(.ARM.Collect$$libinit$$00000015)
    __rt_lib_init_lc_numeric_1               0x000002e7   Thumb Code     0  libinit2.o(.ARM.Collect$$libinit$$00000017)
    __rt_lib_init_lc_time_1                  0x000002e7   Thumb Code     0  libinit2.o(.ARM.Collect$$libinit$$00000019)
    __rt_lib_init_preinit_1                  0x000002e7   Thumb Code     0  libinit2.o(.ARM.Collect$$libinit$$00000004)
    __rt_lib_init_rand_1                     0x000002e7   Thumb Code     0  libinit2.o(.ARM.Collect$$libinit$$0000000E)
    __rt_lib_init_return                     0x000002e7   Thumb Code     0  libinit2.o(.ARM.Collect$$libinit$$00000033)
    __rt_lib_init_signal_1                   0x000002e7   Thumb Code     0  libinit2.o(.ARM.Collect$$libinit$$0000001D)
    __rt_lib_init_stdio_1                    0x000002e7   Thumb Code     0  libinit2.o(.ARM.Collect$$libinit$$00000025)
    __rt_lib_init_user_alloc_1               0x000002e7   Thumb Code     0  libinit2.o(.ARM.Collect$$libinit$$0000000C)
    __rt_lib_shutdown                        0x000002e9   Thumb Code     0  libshutdown.o(.ARM.Collect$$libshutdown$$00000000)
    __rt_lib_shutdown_cpp_1                  0x000002eb   Thumb Code     0  libshutdown2.o(.ARM.Collect$$libshutdown$$00000002)
    __rt_lib_shutdown_fp_trap_1              0x000002eb   Thumb Code     0  libshutdown2.o(.ARM.Collect$$libshutdown$$00000007)
    __rt_lib_shutdown_heap_1                 0x000002eb   Thumb Code     0  libshutdown2.o(.ARM.Collect$$libshutdown$$0000000F)
    __rt_lib_shutdown_return                 0x000002eb   Thumb Code     0  libshutdown2.o(.ARM.Collect$$libshutdown$$00000010)
    __rt_lib_shutdown_signal_1               0x000002eb   Thumb Code     0  libshutdown2.o(.ARM.Collect$$libshutdown$$0000000A)
    __rt_lib_shutdown_stdio_1                0x000002eb   Thumb Code     0  libshutdown2.o(.ARM.Collect$$libshutdown$$00000004)
    __rt_lib_shutdown_user_alloc_1           0x000002eb   Thumb Code     0  libshutdown2.o(.ARM.Collect$$libshutdown$$0000000C)
    __rt_entry                               0x000002ed   Thumb Code     0  __rtentry.o(.ARM.Collect$$rtentry$$00000000)
    __rt_entry_presh_1                       0x000002ed   Thumb Code     0  __rtentry2.o(.ARM.Collect$$rtentry$$00000002)
    __rt_entry_sh                            0x000002ed   Thumb Code     0  __rtentry4.o(.ARM.Collect$$rtentry$$00000004)
    __rt_entry_postsh_1                      0x000002f3   Thumb Code     0  __rtentry2.o(.ARM.Collect$$rtentry$$00000008)
    __rt_entry_li                            0x000002fb   Thumb Code     0  __rtentry2.o(.ARM.Collect$$rtentry$$0000000A)
    __rt_entry_main                          0x000002ff   Thumb Code     0  __rtentry2.o(.ARM.Collect$$rtentry$$0000000D)
    __rt_entry_postli_1                      0x000002ff   Thumb Code     0  __rtentry2.o(.ARM.Collect$$rtentry$$0000000C)
    __rt_exit                                0x00000307   Thumb Code     0  rtexit.o(.ARM.Collect$$rtexit$$00000000)
    __rt_exit_ls                             0x00000309   Thumb Code     0  rtexit2.o(.ARM.Collect$$rtexit$$00000003)
    __rt_exit_prels_1                        0x00000309   Thumb Code     0  rtexit2.o(.ARM.Collect$$rtexit$$00000002)
    __rt_exit_exit                           0x0000030d   Thumb Code     0  rtexit2.o(.ARM.Collect$$rtexit$$00000004)
    SVC_Handler                              0x00000315   Thumb Code    28  port.o(.emb_text)
    __asm___6_port_c_39a90d8d__prvStartFirstTask 0x00000335   Thumb Code    36  port.o(.emb_text)
    __asm___6_port_c_39a90d8d__prvEnableVFP  0x0000035d   Thumb Code    16  port.o(.emb_text)
    PendSV_Handler                           0x00000371   Thumb Code    88  port.o(.emb_text)
    vPortGetIPSR                             0x000003cd   Thumb Code     6  port.o(.emb_text)
    Reset_Handler                            0x000003d5   Thumb Code     8  startup_tm4c123.o(.text)
    NMI_Handler                              0x000003dd   Thumb Code     2  startup_tm4c123.o(.text)
    HardFault_Handler                        0x000003df   Thumb Code     2  startup_tm4c123.o(.text)
    MemManage_Handler                        0x000003e1   Thumb Code     2  startup_tm4c123.o(.text)
    BusFault_Handler                         0x000003e3   Thumb Code     2  startup_tm4c123.o(.text)
    UsageFault_Handler                       0x000003e5   Thumb Code     2  startup_tm4c123.o(.text)
    DebugMon_Handler                         0x000003e9   Thumb Code     2  startup_tm4c123.o(.text)
    GPIOA_Handler                            0x000003ef   Thumb Code     2  startup_tm4c123.o(.text)
    GPIOB_Handler                            0x000003f1   Thumb Code     2  startup_tm4c123.o(.text)
    GPIOC_Handler                            0x000003f3   Thumb Code     2  startup_tm4c123.o(.text)
    GPIOD_Handler                            0x000003f5   Thumb Code     2  startup_tm4c123.o(.text)
    GPIOE_Handler                            0x000003f7   Thumb Code     2  startup_tm4c123.o(.text)
    UART0_Handler                            0x000003f9   Thumb Code     2  startup_tm4c123.o(.text)
    UART1_Handler                            0x000003fb   Thumb Code     2  startup_tm4c123.o(.text)
    SSI0_Handler                             0x000003fd   Thumb Code     2  startup_tm4c123.o(.text)
    I2C0_Handler                             0x000003ff   Thumb Code     2  startup_tm4c123.o(.text)
    PMW0_FAULT_Handler                       0x00000401   Thumb Code     2  startup_tm4c123.o(.text)
    PWM0_0_Handler                           0x00000403   Thumb Code     2  startup_tm4c123.o(.text)
    PWM0_1_Handler                           0x00000405   Thumb Code     2  startup_tm4c123.o(.text)
    PWM0_2_Handler                           0x00000407   Thumb Code     2  startup_tm4c123.o(.text)
    QEI0_Handler                             0x00000409   Thumb Code     2  startup_tm4c123.o(.text)
    ADC0SS0_Handler                          0x0000040b   Thumb Code     2  startup_tm4c123.o(.text)
    ADC0SS1_Handler                          0x0000040d   Thumb Code     2  startup_tm4c123.o(.text)
    ADC0SS2_Handler                          0x0000040f   Thumb Code     2  startup_tm4c123.o(.text)
    ADC0SS3_Handler                          0x00000411   Thumb Code     2  startup_tm4c123.o(.text)
    WDT0_Handler                             0x00000413   Thumb Code     2  startup_tm4c123.o(.text)
    TIMER0A_Handler                          0x00000415   Thumb Code     2  startup_tm4c123.o(.text)
    TIMER0B_Handler                          0x00000417   Thumb Code     2  startup_tm4c123.o(.text)
    TIMER1A_Handler                          0x00000419   Thumb Code     2  startup_tm4c123.o(.text)
    TIMER1B_Handler                          0x0000041b   Thumb Code     2  startup_tm4c123.o(.text)
    TIMER2A_Handler                          0x0000041d   Thumb Code     2  startup_tm4c123.o(.text)
    TIMER2B_Handler                          0x0000041f   Thumb Code     2  startup_tm4c123.o(.text)
    COMP0_Handler                            0x00000421   Thumb Code     2  startup_tm4c123.o(.text)
    COMP1_Handler                            0x00000423   Thumb Code     2  startup_tm4c123.o(.text)
    COMP2_Handler                            0x00000425   Thumb Code     2  startup_tm4c123.o(.text)
    SYSCTL_Handler                           0x00000427   Thumb Code     2  startup_tm4c123.o(.text)
    FLASH_Handler                            0x00000429   Thumb Code     2  startup_tm4c123.o(.text)
    GPIOF_Handler                            0x0000042b   Thumb Code     2  startup_tm4c123.o(.text)
    GPIOG_Handler                            0x0000042d   Thumb Code     2  startup_tm4c123.o(.text)
    GPIOH_Handler                            0x0000042f   Thumb Code     2  startup_tm4c123.o(.text)
    UART2_Handler                            0x00000431   Thumb Code     2  startup_tm4c123.o(.text)
    SSI1_Handler                             0x00000433   Thumb Code     2  startup_tm4c123.o(.text)
    TIMER3A_Handler                          0x00000435   Thumb Code     2  startup_tm4c123.o(.text)
    TIMER3B_Handler                          0x00000437   Thumb Code     2  startup_tm4c123.o(.text)
    I2C1_Handler                             0x00000439   Thumb Code     2  startup_tm4c123.o(.text)
    QEI1_Handler                             0x0000043b   Thumb Code     2  startup_tm4c123.o(.text)
    CAN0_Handler                             0x0000043d   Thumb Code     2  startup_tm4c123.o(.text)
    CAN1_Handler                             0x0000043f   Thumb Code     2  startup_tm4c123.o(.text)
    CAN2_Handler                             0x00000441   Thumb Code     2  startup_tm4c123.o(.text)
    HIB_Handler                              0x00000443   Thumb Code     2  startup_tm4c123.o(.text)
    USB0_Handler                             0x00000445   Thumb Code     2  startup_tm4c123.o(.text)
    PWM0_3_Handler                           0x00000447   Thumb Code     2  startup_tm4c123.o(.text)
    UDMA_Handler                             0x00000449   Thumb Code     2  startup_tm4c123.o(.text)
    UDMAERR_Handler                          0x0000044b   Thumb Code     2  startup_tm4c123.o(.text)
    ADC1SS0_Handler                          0x0000044d   Thumb Code     2  startup_tm4c123.o(.text)
    ADC1SS1_Handler                          0x0000044f   Thumb Code     2  startup_tm4c123.o(.text)
    ADC1SS2_Handler                          0x00000451   Thumb Code     2  startup_tm4c123.o(.text)
    ADC1SS3_Handler                          0x00000453   Thumb Code     2  startup_tm4c123.o(.text)
    GPIOJ_Handler                            0x00000455   Thumb Code     2  startup_tm4c123.o(.text)
    GPIOK_Handler                            0x00000457   Thumb Code     2  startup_tm4c123.o(.text)
    GPIOL_Handler                            0x00000459   Thumb Code     2  startup_tm4c123.o(.text)
    SSI2_Handler                             0x0000045b   Thumb Code     2  startup_tm4c123.o(.text)
    SSI3_Handler                             0x0000045d   Thumb Code     2  startup_tm4c123.o(.text)
    UART3_Handler                            0x0000045f   Thumb Code     2  startup_tm4c123.o(.text)
    UART4_Handler                            0x00000461   Thumb Code     2  startup_tm4c123.o(.text)
    UART5_Handler                            0x00000463   Thumb Code     2  startup_tm4c123.o(.text)
    UART6_Handler                            0x00000465   Thumb Code     2  startup_tm4c123.o(.text)
    UART7_Handler                            0x00000467   Thumb Code     2  startup_tm4c123.o(.text)
    I2C2_Handler                             0x00000469   Thumb Code     2  startup_tm4c123.o(.text)
    I2C3_Handler                             0x0000046b   Thumb Code     2  startup_tm4c123.o(.text)
    TIMER4A_Handler                          0x0000046d   Thumb Code     2  startup_tm4c123.o(.text)
    TIMER4B_Handler                          0x0000046f   Thumb Code     2  startup_tm4c123.o(.text)
    TIMER5A_Handler                          0x00000471   Thumb Code     2  startup_tm4c123.o(.text)
    TIMER5B_Handler                          0x00000473   Thumb Code     2  startup_tm4c123.o(.text)
    WTIMER0A_Handler                         0x00000475   Thumb Code     2  startup_tm4c123.o(.text)
    WTIMER0B_Handler                         0x00000477   Thumb Code     2  startup_tm4c123.o(.text)
    WTIMER1A_Handler                         0x00000479   Thumb Code     2  startup_tm4c123.o(.text)
    WTIMER1B_Handler                         0x0000047b   Thumb Code     2  startup_tm4c123.o(.text)
    WTIMER2A_Handler                         0x0000047d   Thumb Code     2  startup_tm4c123.o(.text)
    WTIMER2B_Handler                         0x0000047f   Thumb Code     2  startup_tm4c123.o(.text)
    WTIMER3A_Handler                         0x00000481   Thumb Code     2  startup_tm4c123.o(.text)
    WTIMER3B_Handler                         0x00000483   Thumb Code     2  startup_tm4c123.o(.text)
    WTIMER4A_Handler                         0x00000485   Thumb Code     2  startup_tm4c123.o(.text)
    WTIMER4B_Handler                         0x00000487   Thumb Code     2  startup_tm4c123.o(.text)
    WTIMER5A_Handler                         0x00000489   Thumb Code     2  startup_tm4c123.o(.text)
    WTIMER5B_Handler                         0x0000048b   Thumb Code     2  startup_tm4c123.o(.text)
    FPU_Handler                              0x0000048d   Thumb Code     2  startup_tm4c123.o(.text)
    I2C4_Handler                             0x0000048f   Thumb Code     2  startup_tm4c123.o(.text)
    I2C5_Handler                             0x00000491   Thumb Code     2  startup_tm4c123.o(.text)
    GPIOM_Handler                            0x00000493   Thumb Code     2  startup_tm4c123.o(.text)
    GPION_Handler                            0x00000495   Thumb Code     2  startup_tm4c123.o(.text)
    QEI2_Handler                             0x00000497   Thumb Code     2  startup_tm4c123.o(.text)
    GPIOP0_Handler                           0x00000499   Thumb Code     2  startup_tm4c123.o(.text)
    GPIOP1_Handler                           0x0000049b   Thumb Code     2  startup_tm4c123.o(.text)
    GPIOP2_Handler                           0x0000049d   Thumb Code     2  startup_tm4c123.o(.text)
    GPIOP3_Handler                           0x0000049f   Thumb Code     2  startup_tm4c123.o(.text)
    GPIOP4_Handler                           0x000004a1   Thumb Code     2  startup_tm4c123.o(.text)
    GPIOP5_Handler                           0x000004a3   Thumb Code     2  startup_tm4c123.o(.text)
    GPIOP6_Handler                           0x000004a5   Thumb Code     2  startup_tm4c123.o(.text)
    GPIOP7_Handler                           0x000004a7   Thumb Code     2  startup_tm4c123.o(.text)
    GPIOQ0_Handler                           0x000004a9   Thumb Code     2  startup_tm4c123.o(.text)
    GPIOQ1_Handler                           0x000004ab   Thumb Code     2  startup_tm4c123.o(.text)
    GPIOQ2_Handler                           0x000004ad   Thumb Code     2  startup_tm4c123.o(.text)
    GPIOQ3_Handler                           0x000004af   Thumb Code     2  startup_tm4c123.o(.text)
    GPIOQ4_Handler                           0x000004b1   Thumb Code     2  startup_tm4c123.o(.text)
    GPIOQ5_Handler                           0x000004b3   Thumb Code     2  startup_tm4c123.o(.text)
    GPIOQ6_Handler                           0x000004b5   Thumb Code     2  startup_tm4c123.o(.text)
    GPIOQ7_Handler                           0x000004b7   Thumb Code     2  startup_tm4c123.o(.text)
    GPIOR_Handler                            0x000004b9   Thumb Code     2  startup_tm4c123.o(.text)
    GPIOS_Handler                            0x000004bb   Thumb Code     2  startup_tm4c123.o(.text)
    PMW1_0_Handler                           0x000004bd   Thumb Code     2  startup_tm4c123.o(.text)
    PWM1_1_Handler                           0x000004bf   Thumb Code     2  startup_tm4c123.o(.text)
    PWM1_2_Handler                           0x000004c1   Thumb Code     2  startup_tm4c123.o(.text)
    PWM1_3_Handler                           0x000004c3   Thumb Code     2  startup_tm4c123.o(.text)
    PWM1_FAULT_Handler                       0x000004c5   Thumb Code     2  startup_tm4c123.o(.text)
    __user_initial_stackheap                 0x000004c9   Thumb Code     0  startup_tm4c123.o(.text)
    __aeabi_memcpy                           0x000004e9   Thumb Code     0  rt_memcpy_v6.o(.text)
    __rt_memcpy                              0x000004e9   Thumb Code   138  rt_memcpy_v6.o(.text)
    _memcpy_lastbytes                        0x0000054f   Thumb Code     0  rt_memcpy_v6.o(.text)
    __use_two_region_memory                  0x00000573   Thumb Code     2  heapauxi.o(.text)
    __rt_heap_escrow$2region                 0x00000575   Thumb Code     2  heapauxi.o(.text)
    __rt_heap_expand$2region                 0x00000577   Thumb Code     2  heapauxi.o(.text)
    __aeabi_memcpy4                          0x00000579   Thumb Code     0  rt_memcpy_w.o(.text)
    __aeabi_memcpy8                          0x00000579   Thumb Code     0  rt_memcpy_w.o(.text)
    __rt_memcpy_w                            0x00000579   Thumb Code   100  rt_memcpy_w.o(.text)
    _memcpy_lastbytes_aligned                0x000005c1   Thumb Code     0  rt_memcpy_w.o(.text)
    __user_setup_stackheap                   0x000005dd   Thumb Code    74  sys_stackheap_outer.o(.text)
    exit                                     0x00000627   Thumb Code    18  exit.o(.text)
    __user_libspace                          0x00000639   Thumb Code     8  libspace.o(.text)
    __user_perproc_libspace                  0x00000639   Thumb Code     0  libspace.o(.text)
    _sys_exit                                0x00000641   Thumb Code     8  sys_exit.o(.text)
    __I$use$semihosting                      0x0000064d   Thumb Code     0  use_no_semi.o(.text)
    __use_no_semihosting_swi                 0x0000064d   Thumb Code     2  use_no_semi.o(.text)
    Delay                                    0x0000064f   Thumb Code    14  main.o(i.Delay)
    __semihosting_library_function           0x0000064f   Thumb Code     0  indicate_semi.o(.text)
    GPIO_PortA_Init                          0x0000065d   Thumb Code    26  main.o(i.GPIO_PortA_Init)
    Stop                                     0x00000681   Thumb Code     8  main.o(i.Stop)
    SysTick_Handler                          0x0000068d   Thumb Code    22  cmsis_os2.o(i.SysTick_Handler)
    SystemInit                               0x000006a5   Thumb Code   112  system_tm4c123.o(i.SystemInit)
    Timer1A_Init                             0x0000073d   Thumb Code   146  main.o(i.Timer1A_Init)
    Timer2A_Init                             0x000007e1   Thumb Code    64  main.o(i.Timer2A_Init)
    _mutex_acquire                           0x00000829   Thumb Code    28  clib_arm.o(i._mutex_acquire)
    _mutex_free                              0x00000845   Thumb Code    46  clib_arm.o(i._mutex_free)
    _mutex_initialize                        0x00000879   Thumb Code    98  clib_arm.o(i._mutex_initialize)
    _mutex_release                           0x000008e5   Thumb Code    30  clib_arm.o(i._mutex_release)
    _platform_post_stackheap_init            0x00000903   Thumb Code     2  clib_arm.o(i._platform_post_stackheap_init)
    brogetback                               0x00000905   Thumb Code   466  main.o(i.brogetback)
    configureSystickTimer                    0x00000af9   Thumb Code    56  main.o(i.configureSystickTimer)
    delay                                    0x00000b35   Thumb Code    12  main.o(i.delay)
    distanceSensorConfig                     0x00000b41   Thumb Code   130  main.o(i.distanceSensorConfig)
    getDistance                              0x00000bd5   Thumb Code     6  main.o(i.getDistance)
    main                                     0x00000bf1   Thumb Code   112  main.o(i.main)
    motorDriverConfig                        0x00000c75   Thumb Code    20  main.o(i.motorDriverConfig)
    moveBackward                             0x00000c8d   Thumb Code     8  main.o(i.moveBackward)
    moveForward                              0x00000c99   Thumb Code     8  main.o(i.moveForward)
    moveLeft                                 0x00000ca5   Thumb Code     8  main.o(i.moveLeft)
    moveRight                                0x00000cb1   Thumb Code     8  main.o(i.moveRight)
    pvPortMalloc                             0x00001011   Thumb Code   208  heap_4.o(i.pvPortMalloc)
    pvTaskIncrementMutexHeldCount            0x000010f5   Thumb Code    26  tasks.o(i.pvTaskIncrementMutexHeldCount)
    servoConfig                              0x00001115   Thumb Code     8  main.o(i.servoConfig)
    servoLeft                                0x0000111d   Thumb Code    10  main.o(i.servoLeft)
    servoNeutral                             0x0000112d   Thumb Code    10  main.o(i.servoNeutral)
    servoRight                               0x0000113d   Thumb Code    10  main.o(i.servoRight)
    uxListRemove                             0x0000114d   Thumb Code    40  list.o(i.uxListRemove)
    vApplicationStackOverflowHook            0x00001175   Thumb Code     2  cmsis_os2.o(i.vApplicationStackOverflowHook)
    vApplicationTickHook                     0x00001177   Thumb Code     2  cmsis_os2.o(i.vApplicationTickHook)
    vListInitialise                          0x00001179   Thumb Code    26  list.o(i.vListInitialise)
    vListInsert                              0x00001193   Thumb Code    52  list.o(i.vListInsert)
    vPortEnterCritical                       0x000011c9   Thumb Code    30  port.o(i.vPortEnterCritical)
    vPortExitCritical                        0x000011ed   Thumb Code    28  port.o(i.vPortExitCritical)
    vPortFree                                0x0000120d   Thumb Code    68  heap_4.o(i.vPortFree)
    vQueueDelete                             0x00001259   Thumb Code    20  queue.o(i.vQueueDelete)
    vTaskInternalSetTimeOutState             0x0000126d   Thumb Code    14  tasks.o(i.vTaskInternalSetTimeOutState)
    vTaskMissedYield                         0x00001285   Thumb Code     8  tasks.o(i.vTaskMissedYield)
    vTaskPlaceOnEventList                    0x00001291   Thumb Code    28  tasks.o(i.vTaskPlaceOnEventList)
    vTaskPriorityDisinheritAfterTimeout      0x000012b1   Thumb Code   182  tasks.o(i.vTaskPriorityDisinheritAfterTimeout)
    vTaskSuspendAll                          0x00001371   Thumb Code    12  tasks.o(i.vTaskSuspendAll)
    vTaskSwitchContext                       0x00001381   Thumb Code   154  tasks.o(i.vTaskSwitchContext)
    xPortSysTickHandler                      0x00001431   Thumb Code    46  port.o(i.xPortSysTickHandler)
    xQueueCreateMutex                        0x00001465   Thumb Code    34  queue.o(i.xQueueCreateMutex)
    xQueueCreateMutexStatic                  0x00001487   Thumb Code    42  queue.o(i.xQueueCreateMutexStatic)
    xQueueGenericCreate                      0x000014b1   Thumb Code    82  queue.o(i.xQueueGenericCreate)
    xQueueGenericCreateStatic                0x00001503   Thumb Code    62  queue.o(i.xQueueGenericCreateStatic)
    xQueueGenericReset                       0x00001541   Thumb Code   156  queue.o(i.xQueueGenericReset)
    xQueueGenericSend                        0x000015e1   Thumb Code   276  queue.o(i.xQueueGenericSend)
    xQueueSemaphoreTake                      0x000016f9   Thumb Code   300  queue.o(i.xQueueSemaphoreTake)
    xTaskCheckForTimeOut                     0x00001829   Thumb Code    88  tasks.o(i.xTaskCheckForTimeOut)
    xTaskGetSchedulerState                   0x00001889   Thumb Code    24  tasks.o(i.xTaskGetSchedulerState)
    xTaskIncrementTick                       0x000018a9   Thumb Code   368  tasks.o(i.xTaskIncrementTick)
    xTaskPriorityDisinherit                  0x00001a45   Thumb Code   138  tasks.o(i.xTaskPriorityDisinherit)
    xTaskPriorityInherit                     0x00001ad9   Thumb Code   202  tasks.o(i.xTaskPriorityInherit)
    xTaskRemoveFromEventList                 0x00001bb1   Thumb Code   238  tasks.o(i.xTaskRemoveFromEventList)
    xTaskResumeAll                           0x00001cb9   Thumb Code   308  tasks.o(i.xTaskResumeAll)
    _fp_init                                 0x00001e11   Thumb Code    10  fpinit.o(x$fpl$fpinit)
    __fplib_config_fpu_vfp                   0x00001e19   Thumb Code     0  fpinit.o(x$fpl$fpinit)
    __fplib_config_pureend_doubles           0x00001e19   Thumb Code     0  fpinit.o(x$fpl$fpinit)
    Region$$Table$$Base                      0x00001e1c   Number         0  anon$$obj.o(Region$$Table)
    Region$$Table$$Limit                     0x00001e3c   Number         0  anon$$obj.o(Region$$Table)
    f                                        0x20000000   Data           4  main.o(.data)
    value1                                   0x20000004   Data           4  main.o(.data)
    value2                                   0x20000008   Data           4  main.o(.data)
    c                                        0x2000000c   Data           4  main.o(.data)
    distance2                                0x20000010   Data           4  main.o(.data)
    strDistance                              0x20000014   Data           4  main.o(.data)
    i                                        0x20000018   Data           4  main.o(.data)
    pxCurrentTCB                             0x20000044   Data           4  tasks.o(.data)
    uxTopUsedPriority                        0x2000007c   Data           4  tasks.o(.data)
    __libspace_start                         0x200028dc   Data          96  libspace.o(.bss)
    __temporary_stack_top$libspace           0x2000293c   Data           0  libspace.o(.bss)



==============================================================================

Memory Map of the image

  Image Entry point : 0x000003d5

  Load Region LR_1 (Base: 0x00000000, Size: 0x00001ec0, Max: 0xffffffff, ABSOLUTE)

    Execution Region ER_RO (Exec base: 0x00000000, Load base: 0x00000000, Size: 0x00001e3c, Max: 0xffffffff, ABSOLUTE)

    Exec Addr    Load Addr    Size         Type   Attr      Idx    E Section Name        Object

    0x00000000   0x00000000   0x0000026c   Data   RO         1073    RESET               startup_tm4c123.o
    0x0000026c   0x0000026c   0x00000008   Code   RO         3425  * !!!main             c_w.l(__main.o)
    0x00000274   0x00000274   0x00000034   Code   RO         3617    !!!scatter          c_w.l(__scatter.o)
    0x000002a8   0x000002a8   0x0000001a   Code   RO         3619    !!handler_copy      c_w.l(__scatter_copy.o)
    0x000002c2   0x000002c2   0x00000002   PAD
    0x000002c4   0x000002c4   0x0000001c   Code   RO         3621    !!handler_zi        c_w.l(__scatter_zi.o)
    0x000002e0   0x000002e0   0x00000002   Code   RO         3487    .ARM.Collect$$libinit$$00000000  c_w.l(libinit.o)
    0x000002e2   0x000002e2   0x00000004   Code   RO         3493    .ARM.Collect$$libinit$$00000001  c_w.l(libinit2.o)
    0x000002e6   0x000002e6   0x00000000   Code   RO         3496    .ARM.Collect$$libinit$$00000004  c_w.l(libinit2.o)
    0x000002e6   0x000002e6   0x00000000   Code   RO         3499    .ARM.Collect$$libinit$$0000000A  c_w.l(libinit2.o)
    0x000002e6   0x000002e6   0x00000000   Code   RO         3501    .ARM.Collect$$libinit$$0000000C  c_w.l(libinit2.o)
    0x000002e6   0x000002e6   0x00000000   Code   RO         3503    .ARM.Collect$$libinit$$0000000E  c_w.l(libinit2.o)
    0x000002e6   0x000002e6   0x00000000   Code   RO         3506    .ARM.Collect$$libinit$$00000011  c_w.l(libinit2.o)
    0x000002e6   0x000002e6   0x00000000   Code   RO         3508    .ARM.Collect$$libinit$$00000013  c_w.l(libinit2.o)
    0x000002e6   0x000002e6   0x00000000   Code   RO         3510    .ARM.Collect$$libinit$$00000015  c_w.l(libinit2.o)
    0x000002e6   0x000002e6   0x00000000   Code   RO         3512    .ARM.Collect$$libinit$$00000017  c_w.l(libinit2.o)
    0x000002e6   0x000002e6   0x00000000   Code   RO         3514    .ARM.Collect$$libinit$$00000019  c_w.l(libinit2.o)
    0x000002e6   0x000002e6   0x00000000   Code   RO         3516    .ARM.Collect$$libinit$$0000001B  c_w.l(libinit2.o)
    0x000002e6   0x000002e6   0x00000000   Code   RO         3518    .ARM.Collect$$libinit$$0000001D  c_w.l(libinit2.o)
    0x000002e6   0x000002e6   0x00000000   Code   RO         3520    .ARM.Collect$$libinit$$0000001F  c_w.l(libinit2.o)
    0x000002e6   0x000002e6   0x00000000   Code   RO         3522    .ARM.Collect$$libinit$$00000021  c_w.l(libinit2.o)
    0x000002e6   0x000002e6   0x00000000   Code   RO         3524    .ARM.Collect$$libinit$$00000023  c_w.l(libinit2.o)
    0x000002e6   0x000002e6   0x00000000   Code   RO         3526    .ARM.Collect$$libinit$$00000025  c_w.l(libinit2.o)
    0x000002e6   0x000002e6   0x00000000   Code   RO         3530    .ARM.Collect$$libinit$$0000002C  c_w.l(libinit2.o)
    0x000002e6   0x000002e6   0x00000000   Code   RO         3532    .ARM.Collect$$libinit$$0000002E  c_w.l(libinit2.o)
    0x000002e6   0x000002e6   0x00000000   Code   RO         3534    .ARM.Collect$$libinit$$00000030  c_w.l(libinit2.o)
    0x000002e6   0x000002e6   0x00000000   Code   RO         3536    .ARM.Collect$$libinit$$00000032  c_w.l(libinit2.o)
    0x000002e6   0x000002e6   0x00000002   Code   RO         3537    .ARM.Collect$$libinit$$00000033  c_w.l(libinit2.o)
    0x000002e8   0x000002e8   0x00000002   Code   RO         3557    .ARM.Collect$$libshutdown$$00000000  c_w.l(libshutdown.o)
    0x000002ea   0x000002ea   0x00000000   Code   RO         3570    .ARM.Collect$$libshutdown$$00000002  c_w.l(libshutdown2.o)
    0x000002ea   0x000002ea   0x00000000   Code   RO         3572    .ARM.Collect$$libshutdown$$00000004  c_w.l(libshutdown2.o)
    0x000002ea   0x000002ea   0x00000000   Code   RO         3575    .ARM.Collect$$libshutdown$$00000007  c_w.l(libshutdown2.o)
    0x000002ea   0x000002ea   0x00000000   Code   RO         3578    .ARM.Collect$$libshutdown$$0000000A  c_w.l(libshutdown2.o)
    0x000002ea   0x000002ea   0x00000000   Code   RO         3580    .ARM.Collect$$libshutdown$$0000000C  c_w.l(libshutdown2.o)
    0x000002ea   0x000002ea   0x00000000   Code   RO         3583    .ARM.Collect$$libshutdown$$0000000F  c_w.l(libshutdown2.o)
    0x000002ea   0x000002ea   0x00000002   Code   RO         3584    .ARM.Collect$$libshutdown$$00000010  c_w.l(libshutdown2.o)
    0x000002ec   0x000002ec   0x00000000   Code   RO         3453    .ARM.Collect$$rtentry$$00000000  c_w.l(__rtentry.o)
    0x000002ec   0x000002ec   0x00000000   Code   RO         3466    .ARM.Collect$$rtentry$$00000002  c_w.l(__rtentry2.o)
    0x000002ec   0x000002ec   0x00000006   Code   RO         3478    .ARM.Collect$$rtentry$$00000004  c_w.l(__rtentry4.o)
    0x000002f2   0x000002f2   0x00000008   Code   RO         3467    .ARM.Collect$$rtentry$$00000008  c_w.l(__rtentry2.o)
    0x000002fa   0x000002fa   0x00000004   Code   RO         3469    .ARM.Collect$$rtentry$$0000000A  c_w.l(__rtentry2.o)
    0x000002fe   0x000002fe   0x00000000   Code   RO         3471    .ARM.Collect$$rtentry$$0000000C  c_w.l(__rtentry2.o)
    0x000002fe   0x000002fe   0x00000008   Code   RO         3472    .ARM.Collect$$rtentry$$0000000D  c_w.l(__rtentry2.o)
    0x00000306   0x00000306   0x00000002   Code   RO         3491    .ARM.Collect$$rtexit$$00000000  c_w.l(rtexit.o)
    0x00000308   0x00000308   0x00000000   Code   RO         3539    .ARM.Collect$$rtexit$$00000002  c_w.l(rtexit2.o)
    0x00000308   0x00000308   0x00000004   Code   RO         3540    .ARM.Collect$$rtexit$$00000003  c_w.l(rtexit2.o)
    0x0000030c   0x0000030c   0x00000006   Code   RO         3541    .ARM.Collect$$rtexit$$00000004  c_w.l(rtexit2.o)
    0x00000312   0x00000312   0x00000002   PAD
    0x00000314   0x00000314   0x000000be   Code   RO         1407    .emb_text           port.o
    0x000003d2   0x000003d2   0x00000002   PAD
    0x000003d4   0x000003d4   0x00000114   Code   RO         1074  * .text               startup_tm4c123.o
    0x000004e8   0x000004e8   0x0000008a   Code   RO         3415    .text               c_w.l(rt_memcpy_v6.o)
    0x00000572   0x00000572   0x00000006   Code   RO         3423    .text               c_w.l(heapauxi.o)
    0x00000578   0x00000578   0x00000064   Code   RO         3454    .text               c_w.l(rt_memcpy_w.o)
    0x000005dc   0x000005dc   0x0000004a   Code   RO         3480    .text               c_w.l(sys_stackheap_outer.o)
    0x00000626   0x00000626   0x00000012   Code   RO         3482    .text               c_w.l(exit.o)
    0x00000638   0x00000638   0x00000008   Code   RO         3488    .text               c_w.l(libspace.o)
    0x00000640   0x00000640   0x0000000c   Code   RO         3549    .text               c_w.l(sys_exit.o)
    0x0000064c   0x0000064c   0x00000002   Code   RO         3560    .text               c_w.l(use_no_semi.o)
    0x0000064e   0x0000064e   0x00000000   Code   RO         3562    .text               c_w.l(indicate_semi.o)
    0x0000064e   0x0000064e   0x0000000e   Code   RO            1    i.Delay             main.o
    0x0000065c   0x0000065c   0x00000024   Code   RO            2    i.GPIO_PortA_Init   main.o
    0x00000680   0x00000680   0x0000000c   Code   RO            3    i.Stop              main.o
    0x0000068c   0x0000068c   0x00000016   Code   RO          456    i.SysTick_Handler   cmsis_os2.o
    0x000006a2   0x000006a2   0x00000002   PAD
    0x000006a4   0x000006a4   0x00000098   Code   RO         1082    i.SystemInit        system_tm4c123.o
    0x0000073c   0x0000073c   0x000000a4   Code   RO            4    i.Timer1A_Init      main.o
    0x000007e0   0x000007e0   0x00000048   Code   RO            6    i.Timer2A_Init      main.o
    0x00000828   0x00000828   0x0000001c   Code   RO          332    i._mutex_acquire    clib_arm.o
    0x00000844   0x00000844   0x00000034   Code   RO          333    i._mutex_free       clib_arm.o
    0x00000878   0x00000878   0x0000006c   Code   RO          334    i._mutex_initialize  clib_arm.o
    0x000008e4   0x000008e4   0x0000001e   Code   RO          335    i._mutex_release    clib_arm.o
    0x00000902   0x00000902   0x00000002   Code   RO          336    i._platform_post_stackheap_init  clib_arm.o
    0x00000904   0x00000904   0x000001f4   Code   RO            7    i.brogetback        main.o
    0x00000af8   0x00000af8   0x0000003c   Code   RO            8    i.configureSystickTimer  main.o
    0x00000b34   0x00000b34   0x0000000c   Code   RO            9    i.delay             main.o
    0x00000b40   0x00000b40   0x00000094   Code   RO           10    i.distanceSensorConfig  main.o
    0x00000bd4   0x00000bd4   0x0000000c   Code   RO           11    i.getDistance       main.o
    0x00000be0   0x00000be0   0x00000010   Code   RO          337    i.is_thread_mode    clib_arm.o
    0x00000bf0   0x00000bf0   0x00000084   Code   RO           12    i.main              main.o
    0x00000c74   0x00000c74   0x00000018   Code   RO           13    i.motorDriverConfig  main.o
    0x00000c8c   0x00000c8c   0x0000000c   Code   RO           14    i.moveBackward      main.o
    0x00000c98   0x00000c98   0x0000000c   Code   RO           15    i.moveForward       main.o
    0x00000ca4   0x00000ca4   0x0000000c   Code   RO           16    i.moveLeft          main.o
    0x00000cb0   0x00000cb0   0x0000000c   Code   RO           17    i.moveRight         main.o
    0x00000cbc   0x00000cbc   0x00000012   Code   RO          338    i.os_kernel_is_active  clib_arm.o
    0x00000cce   0x00000cce   0x00000002   PAD
    0x00000cd0   0x00000cd0   0x000000a4   Code   RO         1727    i.prvAddCurrentTaskToDelayedList  tasks.o
    0x00000d74   0x00000d74   0x0000007e   Code   RO         1491    i.prvCopyDataToQueue  queue.o
    0x00000df2   0x00000df2   0x00000014   Code   RO         1492    i.prvGetDisinheritPriorityAfterTimeout  queue.o
    0x00000e06   0x00000e06   0x00000002   PAD
    0x00000e08   0x00000e08   0x00000070   Code   RO         1334    i.prvHeapInit       heap_4.o
    0x00000e78   0x00000e78   0x0000001e   Code   RO         1493    i.prvInitialiseMutex  queue.o
    0x00000e96   0x00000e96   0x0000002a   Code   RO         1494    i.prvInitialiseNewQueue  queue.o
    0x00000ec0   0x00000ec0   0x00000068   Code   RO         1335    i.prvInsertBlockIntoFreeList  heap_4.o
    0x00000f28   0x00000f28   0x0000001a   Code   RO         1495    i.prvIsQueueEmpty   queue.o
    0x00000f42   0x00000f42   0x0000001e   Code   RO         1496    i.prvIsQueueFull    queue.o
    0x00000f60   0x00000f60   0x00000030   Code   RO         1735    i.prvResetNextTaskUnblockTime  tasks.o
    0x00000f90   0x00000f90   0x0000007e   Code   RO         1497    i.prvUnlockQueue    queue.o
    0x0000100e   0x0000100e   0x00000002   PAD
    0x00001010   0x00001010   0x000000e4   Code   RO         1337    i.pvPortMalloc      heap_4.o
    0x000010f4   0x000010f4   0x00000020   Code   RO         1738    i.pvTaskIncrementMutexHeldCount  tasks.o
    0x00001114   0x00001114   0x00000008   Code   RO           19    i.servoConfig       main.o
    0x0000111c   0x0000111c   0x00000010   Code   RO           20    i.servoLeft         main.o
    0x0000112c   0x0000112c   0x00000010   Code   RO           21    i.servoNeutral      main.o
    0x0000113c   0x0000113c   0x00000010   Code   RO           22    i.servoRight        main.o
    0x0000114c   0x0000114c   0x00000028   Code   RO         1283    i.uxListRemove      list.o
    0x00001174   0x00001174   0x00000002   Code   RO          531    i.vApplicationStackOverflowHook  cmsis_os2.o
    0x00001176   0x00001176   0x00000002   Code   RO          532    i.vApplicationTickHook  cmsis_os2.o
    0x00001178   0x00001178   0x0000001a   Code   RO         1284    i.vListInitialise   list.o
    0x00001192   0x00001192   0x00000034   Code   RO         1286    i.vListInsert       list.o
    0x000011c6   0x000011c6   0x00000002   PAD
    0x000011c8   0x000011c8   0x00000024   Code   RO         1411    i.vPortEnterCritical  port.o
    0x000011ec   0x000011ec   0x00000020   Code   RO         1412    i.vPortExitCritical  port.o
    0x0000120c   0x0000120c   0x0000004c   Code   RO         1338    i.vPortFree         heap_4.o
    0x00001258   0x00001258   0x00000014   Code   RO         1503    i.vQueueDelete      queue.o
    0x0000126c   0x0000126c   0x00000018   Code   RO         1753    i.vTaskInternalSetTimeOutState  tasks.o
    0x00001284   0x00001284   0x0000000c   Code   RO         1754    i.vTaskMissedYield  tasks.o
    0x00001290   0x00001290   0x00000020   Code   RO         1755    i.vTaskPlaceOnEventList  tasks.o
    0x000012b0   0x000012b0   0x000000c0   Code   RO         1758    i.vTaskPriorityDisinheritAfterTimeout  tasks.o
    0x00001370   0x00001370   0x00000010   Code   RO         1766    i.vTaskSuspendAll   tasks.o
    0x00001380   0x00001380   0x000000b0   Code   RO         1767    i.vTaskSwitchContext  tasks.o
    0x00001430   0x00001430   0x00000034   Code   RO         1415    i.xPortSysTickHandler  port.o
    0x00001464   0x00001464   0x00000022   Code   RO         1508    i.xQueueCreateMutex  queue.o
    0x00001486   0x00001486   0x0000002a   Code   RO         1509    i.xQueueCreateMutexStatic  queue.o
    0x000014b0   0x000014b0   0x00000052   Code   RO         1510    i.xQueueGenericCreate  queue.o
    0x00001502   0x00001502   0x0000003e   Code   RO         1511    i.xQueueGenericCreateStatic  queue.o
    0x00001540   0x00001540   0x000000a0   Code   RO         1512    i.xQueueGenericReset  queue.o
    0x000015e0   0x000015e0   0x00000118   Code   RO         1513    i.xQueueGenericSend  queue.o
    0x000016f8   0x000016f8   0x00000130   Code   RO         1525    i.xQueueSemaphoreTake  queue.o
    0x00001828   0x00001828   0x00000060   Code   RO         1769    i.xTaskCheckForTimeOut  tasks.o
    0x00001888   0x00001888   0x00000020   Code   RO         1778    i.xTaskGetSchedulerState  tasks.o
    0x000018a8   0x000018a8   0x0000019c   Code   RO         1781    i.xTaskIncrementTick  tasks.o
    0x00001a44   0x00001a44   0x00000094   Code   RO         1782    i.xTaskPriorityDisinherit  tasks.o
    0x00001ad8   0x00001ad8   0x000000d8   Code   RO         1783    i.xTaskPriorityInherit  tasks.o
    0x00001bb0   0x00001bb0   0x00000108   Code   RO         1784    i.xTaskRemoveFromEventList  tasks.o
    0x00001cb8   0x00001cb8   0x00000158   Code   RO         1785    i.xTaskResumeAll    tasks.o
    0x00001e10   0x00001e10   0x0000000a   Code   RO         3547    x$fpl$fpinit        fz_wm.l(fpinit.o)
    0x00001e1a   0x00001e1a   0x00000002   PAD
    0x00001e1c   0x00001e1c   0x00000020   Data   RO         3615    Region$$Table       anon$$obj.o


    Execution Region ER_RW (Exec base: 0x20000000, Load base: 0x00001e3c, Size: 0x00000084, Max: 0xffffffff, ABSOLUTE)

    Exec Addr    Load Addr    Size         Type   Attr      Idx    E Section Name        Object

    0x20000000   0x00001e3c   0x00000021   Data   RW           25    .data               main.o
    0x20000021   0x00001e5d   0x00000003   PAD
    0x20000024   0x00001e60   0x0000001c   Data   RW         1344    .data               heap_4.o
    0x20000040   0x00001e7c   0x00000004   Data   RW         1416    .data               port.o
    0x20000044   0x00001e80   0x00000040   Data   RW         1788    .data               tasks.o


    Execution Region ER_ZI (Exec base: 0x20000084, Load base: 0x00001ec0, Size: 0x00002abc, Max: 0xffffffff, ABSOLUTE)

    Exec Addr    Load Addr    Size         Type   Attr      Idx    E Section Name        Object

    0x20000084        -       0x00000394   Zero   RW          339    .bss                clib_arm.o
    0x20000418        -       0x00002000   Zero   RW         1343    .bss                heap_4.o
    0x20002418        -       0x000004c4   Zero   RW         1787    .bss                tasks.o
    0x200028dc        -       0x00000060   Zero   RW         3489    .bss                c_w.l(libspace.o)
    0x2000293c   0x00001ec0   0x00000004   PAD
    0x20002940        -       0x00000000   Zero   RW         1072    HEAP                startup_tm4c123.o
    0x20002940        -       0x00000200   Zero   RW         1071    STACK               startup_tm4c123.o


==============================================================================

Image component sizes


      Code (inc. data)   RO Data    RW Data    ZI Data      Debug   Object Name

       254         16          0          0        916      37536   clib_arm.o
        26          0          0          0          0      13753   cmsis_os2.o
         0          0          0          0          0      12012   event_groups.o
         0          0          0          0          0       5652   freertos_evr.o
       520         58          0         28       8192       5275   heap_4.o
       118          0          0          0          0       2663   list.o
      1290        160          0         33          0      12416   main.o
       310         32          0          4          0       5375   port.o
      1384         12          0          0          0      17310   queue.o
       276         24        620          0        512       5440   startup_tm4c123.o
       152         40          0          0          0        629   system_tm4c123.o
      2208        238          0         64       1220      37994   tasks.o
         0          0          0          0          0         32   uart.o
         0          0          0          0          0       3064   uart_echo.o

    ----------------------------------------------------------------------
      6550        580        652        132      10840     159151   Object Totals
         0          0         32          0          0          0   (incl. Generated)
        12          0          0          3          0          0   (incl. Padding)

    ----------------------------------------------------------------------

      Code (inc. data)   RO Data    RW Data    ZI Data      Debug   Library Member Name

         8          0          0          0          0         68   __main.o
         0          0          0          0          0          0   __rtentry.o
        20          0          0          0          0          0   __rtentry2.o
         6          0          0          0          0          0   __rtentry4.o
        52          8          0          0          0          0   __scatter.o
        26          0          0          0          0          0   __scatter_copy.o
        28          0          0          0          0          0   __scatter_zi.o
        18          0          0          0          0         80   exit.o
         6          0          0          0          0        152   heapauxi.o
         0          0          0          0          0          0   indicate_semi.o
         2          0          0          0          0          0   libinit.o
         6          0          0          0          0          0   libinit2.o
         2          0          0          0          0          0   libshutdown.o
         2          0          0          0          0          0   libshutdown2.o
         8          4          0          0         96         68   libspace.o
       138          0          0          0          0         68   rt_memcpy_v6.o
       100          0          0          0          0         80   rt_memcpy_w.o
         2          0          0          0          0          0   rtexit.o
        10          0          0          0          0          0   rtexit2.o
        12          4          0          0          0         68   sys_exit.o
        74          0          0          0          0         80   sys_stackheap_outer.o
         2          0          0          0          0         68   use_no_semi.o
        10          0          0          0          0        116   fpinit.o

    ----------------------------------------------------------------------
       538         16          0          0        100        848   Library Totals
         6          0          0          0          4          0   (incl. Padding)

    ----------------------------------------------------------------------

      Code (inc. data)   RO Data    RW Data    ZI Data      Debug   Library Name

       522         16          0          0         96        732   c_w.l
        10          0          0          0          0        116   fz_wm.l

    ----------------------------------------------------------------------
       538         16          0          0        100        848   Library Totals

    ----------------------------------------------------------------------

==============================================================================


      Code (inc. data)   RO Data    RW Data    ZI Data      Debug   

      7088        596        652        132      10940     153039   Grand Totals
      7088        596        652        132      10940     153039   ELF Image Totals
      7088        596        652        132          0          0   ROM Totals

==============================================================================

    Total RO  Size (Code + RO Data)                 7740 (   7.56kB)
    Total RW  Size (RW Data + ZI Data)             11072 (  10.81kB)
    Total ROM Size (Code + RO Data + RW Data)       7872 (   7.69kB)

==============================================================================

